[0.041s] Invoking command in '/home/robousr/ROS2Dev/Workspaces/Proyecto_Robot_1/example_ws/build/example_interfaces': CMAKE_PREFIX_PATH=${CMAKE_PREFIX_PATH}:/home/robousr/ROS2Dev/Workspaces/Proyecto_Robot_1/example_ws/install/example_pkg:/home/robousr/ROS2Dev/Workspaces/Proyecto_Robot_1/example_ws/install/example_description:/home/robousr/ROS2Dev/Workspaces/Proyecto_Robot_1/example_ws/install/example_decription:/home/robousr/ROS2Dev/Workspaces/Proyecto_Robot_1/example_ws/install/example_control:/home/robousr/ROS2Dev/Workspaces/Proyecto_Robot_1/example_ws/install/example_bringup:/opt/ros/humble /usr/bin/cmake --build /home/robousr/ROS2Dev/Workspaces/Proyecto_Robot_1/example_ws/build/example_interfaces -- -j4 -l4
[0.227s] [  3%] Built target example_interfaces__cpp
[0.287s] [  3%] Built target ament_cmake_python_symlink_example_interfaces
[0.338s] [ 12%] Built target example_interfaces__rosidl_typesupport_fastrtps_cpp
[0.375s] [ 22%] Built target example_interfaces__rosidl_typesupport_introspection_cpp
[1.034s] running egg_info
[1.036s] writing example_interfaces.egg-info/PKG-INFO
[1.037s] writing dependency_links to example_interfaces.egg-info/dependency_links.txt
[1.037s] writing top-level names to example_interfaces.egg-info/top_level.txt
[1.043s] reading manifest file 'example_interfaces.egg-info/SOURCES.txt'
[1.045s] writing manifest file 'example_interfaces.egg-info/SOURCES.txt'
[1.093s] [ 22%] Built target ament_cmake_python_build_example_interfaces_egg
[1.150s] [ 32%] Built target example_interfaces__rosidl_typesupport_cpp
[1.189s] [ 41%] Built target example_interfaces__rosidl_generator_c
[1.226s] [ 51%] Built target example_interfaces__rosidl_typesupport_fastrtps_c
[1.266s] [ 61%] Built target example_interfaces__rosidl_typesupport_c
[1.299s] [ 70%] Built target example_interfaces__rosidl_typesupport_introspection_c
[1.337s] [ 70%] Built target example_interfaces
[1.370s] [ 74%] Built target example_interfaces__py
[1.409s] [ 80%] Built target example_interfaces__rosidl_generator_py
[1.447s] [ 87%] Built target example_interfaces__rosidl_typesupport_fastrtps_c__pyext
[1.482s] [ 93%] Built target example_interfaces__rosidl_typesupport_c__pyext
[1.518s] [100%] Built target example_interfaces__rosidl_typesupport_introspection_c__pyext
[1.539s] Invoked command in '/home/robousr/ROS2Dev/Workspaces/Proyecto_Robot_1/example_ws/build/example_interfaces' returned '0': CMAKE_PREFIX_PATH=${CMAKE_PREFIX_PATH}:/home/robousr/ROS2Dev/Workspaces/Proyecto_Robot_1/example_ws/install/example_pkg:/home/robousr/ROS2Dev/Workspaces/Proyecto_Robot_1/example_ws/install/example_description:/home/robousr/ROS2Dev/Workspaces/Proyecto_Robot_1/example_ws/install/example_decription:/home/robousr/ROS2Dev/Workspaces/Proyecto_Robot_1/example_ws/install/example_control:/home/robousr/ROS2Dev/Workspaces/Proyecto_Robot_1/example_ws/install/example_bringup:/opt/ros/humble /usr/bin/cmake --build /home/robousr/ROS2Dev/Workspaces/Proyecto_Robot_1/example_ws/build/example_interfaces -- -j4 -l4
[1.554s] Invoking command in '/home/robousr/ROS2Dev/Workspaces/Proyecto_Robot_1/example_ws/build/example_interfaces': CMAKE_PREFIX_PATH=${CMAKE_PREFIX_PATH}:/home/robousr/ROS2Dev/Workspaces/Proyecto_Robot_1/example_ws/install/example_pkg:/home/robousr/ROS2Dev/Workspaces/Proyecto_Robot_1/example_ws/install/example_description:/home/robousr/ROS2Dev/Workspaces/Proyecto_Robot_1/example_ws/install/example_decription:/home/robousr/ROS2Dev/Workspaces/Proyecto_Robot_1/example_ws/install/example_control:/home/robousr/ROS2Dev/Workspaces/Proyecto_Robot_1/example_ws/install/example_bringup:/opt/ros/humble /usr/bin/cmake --install /home/robousr/ROS2Dev/Workspaces/Proyecto_Robot_1/example_ws/build/example_interfaces
[1.565s] -- Install configuration: ""
[1.566s] -- Execute custom install script
[1.567s] -- Up-to-date symlink: /home/robousr/ROS2Dev/Workspaces/Proyecto_Robot_1/example_ws/install/example_interfaces/share/ament_index/resource_index/rosidl_interfaces/example_interfaces
[1.567s] -- Up-to-date symlink: /home/robousr/ROS2Dev/Workspaces/Proyecto_Robot_1/example_ws/install/example_interfaces/include/example_interfaces/example_interfaces/msg/detail/example_msg__functions.h
[1.567s] -- Up-to-date symlink: /home/robousr/ROS2Dev/Workspaces/Proyecto_Robot_1/example_ws/install/example_interfaces/include/example_interfaces/example_interfaces/msg/detail/example_msg__struct.h
[1.568s] -- Up-to-date symlink: /home/robousr/ROS2Dev/Workspaces/Proyecto_Robot_1/example_ws/install/example_interfaces/include/example_interfaces/example_interfaces/msg/detail/example_msg__type_support.h
[1.568s] -- Up-to-date symlink: /home/robousr/ROS2Dev/Workspaces/Proyecto_Robot_1/example_ws/install/example_interfaces/include/example_interfaces/example_interfaces/msg/example_msg.h
[1.568s] -- Up-to-date symlink: /home/robousr/ROS2Dev/Workspaces/Proyecto_Robot_1/example_ws/install/example_interfaces/include/example_interfaces/example_interfaces/msg/rosidl_generator_c__visibility_control.h
[1.568s] -- Up-to-date symlink: /home/robousr/ROS2Dev/Workspaces/Proyecto_Robot_1/example_ws/install/example_interfaces/share/example_interfaces/environment/library_path.sh
[1.568s] -- Up-to-date symlink: /home/robousr/ROS2Dev/Workspaces/Proyecto_Robot_1/example_ws/install/example_interfaces/share/example_interfaces/environment/library_path.dsv
[1.569s] -- Up-to-date symlink: /home/robousr/ROS2Dev/Workspaces/Proyecto_Robot_1/example_ws/install/example_interfaces/include/example_interfaces/example_interfaces/msg/detail/example_msg__rosidl_typesupport_fastrtps_c.h
[1.569s] -- Up-to-date symlink: /home/robousr/ROS2Dev/Workspaces/Proyecto_Robot_1/example_ws/install/example_interfaces/include/example_interfaces/example_interfaces/msg/rosidl_typesupport_fastrtps_c__visibility_control.h
[1.570s] -- Up-to-date symlink: /home/robousr/ROS2Dev/Workspaces/Proyecto_Robot_1/example_ws/install/example_interfaces/include/example_interfaces/example_interfaces/msg/detail/example_msg__rosidl_typesupport_introspection_c.h
[1.570s] -- Up-to-date symlink: /home/robousr/ROS2Dev/Workspaces/Proyecto_Robot_1/example_ws/install/example_interfaces/include/example_interfaces/example_interfaces/msg/rosidl_typesupport_introspection_c__visibility_control.h
[1.570s] -- Up-to-date symlink: /home/robousr/ROS2Dev/Workspaces/Proyecto_Robot_1/example_ws/install/example_interfaces/include/example_interfaces/example_interfaces/msg/detail/example_msg__builder.hpp
[1.570s] -- Up-to-date symlink: /home/robousr/ROS2Dev/Workspaces/Proyecto_Robot_1/example_ws/install/example_interfaces/include/example_interfaces/example_interfaces/msg/detail/example_msg__struct.hpp
[1.571s] -- Up-to-date symlink: /home/robousr/ROS2Dev/Workspaces/Proyecto_Robot_1/example_ws/install/example_interfaces/include/example_interfaces/example_interfaces/msg/detail/example_msg__traits.hpp
[1.571s] -- Up-to-date symlink: /home/robousr/ROS2Dev/Workspaces/Proyecto_Robot_1/example_ws/install/example_interfaces/include/example_interfaces/example_interfaces/msg/detail/example_msg__type_support.hpp
[1.571s] -- Up-to-date symlink: /home/robousr/ROS2Dev/Workspaces/Proyecto_Robot_1/example_ws/install/example_interfaces/include/example_interfaces/example_interfaces/msg/example_msg.hpp
[1.572s] -- Up-to-date symlink: /home/robousr/ROS2Dev/Workspaces/Proyecto_Robot_1/example_ws/install/example_interfaces/include/example_interfaces/example_interfaces/msg/rosidl_generator_cpp__visibility_control.hpp
[1.572s] -- Up-to-date symlink: /home/robousr/ROS2Dev/Workspaces/Proyecto_Robot_1/example_ws/install/example_interfaces/include/example_interfaces/example_interfaces/msg/detail/example_msg__rosidl_typesupport_fastrtps_cpp.hpp
[1.572s] -- Up-to-date symlink: /home/robousr/ROS2Dev/Workspaces/Proyecto_Robot_1/example_ws/install/example_interfaces/include/example_interfaces/example_interfaces/msg/rosidl_typesupport_fastrtps_cpp__visibility_control.h
[1.572s] -- Up-to-date symlink: /home/robousr/ROS2Dev/Workspaces/Proyecto_Robot_1/example_ws/install/example_interfaces/include/example_interfaces/example_interfaces/msg/detail/example_msg__rosidl_typesupport_introspection_cpp.hpp
[1.572s] -- Up-to-date symlink: /home/robousr/ROS2Dev/Workspaces/Proyecto_Robot_1/example_ws/install/example_interfaces/share/example_interfaces/environment/pythonpath.sh
[1.573s] -- Up-to-date symlink: /home/robousr/ROS2Dev/Workspaces/Proyecto_Robot_1/example_ws/install/example_interfaces/share/example_interfaces/environment/pythonpath.dsv
[1.573s] -- Up-to-date symlink: /home/robousr/ROS2Dev/Workspaces/Proyecto_Robot_1/example_ws/install/example_interfaces/local/lib/python3.10/dist-packages/example_interfaces-0.0.0-py3.10.egg-info/PKG-INFO
[1.574s] -- Up-to-date symlink: /home/robousr/ROS2Dev/Workspaces/Proyecto_Robot_1/example_ws/install/example_interfaces/local/lib/python3.10/dist-packages/example_interfaces-0.0.0-py3.10.egg-info/SOURCES.txt
[1.574s] -- Up-to-date symlink: /home/robousr/ROS2Dev/Workspaces/Proyecto_Robot_1/example_ws/install/example_interfaces/local/lib/python3.10/dist-packages/example_interfaces-0.0.0-py3.10.egg-info/dependency_links.txt
[1.574s] -- Up-to-date symlink: /home/robousr/ROS2Dev/Workspaces/Proyecto_Robot_1/example_ws/install/example_interfaces/local/lib/python3.10/dist-packages/example_interfaces-0.0.0-py3.10.egg-info/top_level.txt
[1.575s] -- Up-to-date symlink: /home/robousr/ROS2Dev/Workspaces/Proyecto_Robot_1/example_ws/install/example_interfaces/local/lib/python3.10/dist-packages/example_interfaces/__init__.py
[1.575s] -- Up-to-date symlink: /home/robousr/ROS2Dev/Workspaces/Proyecto_Robot_1/example_ws/install/example_interfaces/local/lib/python3.10/dist-packages/example_interfaces/_example_interfaces_s.ep.rosidl_typesupport_c.c
[1.575s] -- Up-to-date symlink: /home/robousr/ROS2Dev/Workspaces/Proyecto_Robot_1/example_ws/install/example_interfaces/local/lib/python3.10/dist-packages/example_interfaces/_example_interfaces_s.ep.rosidl_typesupport_fastrtps_c.c
[1.576s] -- Up-to-date symlink: /home/robousr/ROS2Dev/Workspaces/Proyecto_Robot_1/example_ws/install/example_interfaces/local/lib/python3.10/dist-packages/example_interfaces/_example_interfaces_s.ep.rosidl_typesupport_introspection_c.c
[1.576s] -- Up-to-date symlink: /home/robousr/ROS2Dev/Workspaces/Proyecto_Robot_1/example_ws/install/example_interfaces/local/lib/python3.10/dist-packages/example_interfaces/example_interfaces_s__rosidl_typesupport_c.cpython-310-x86_64-linux-gnu.so
[1.576s] -- Up-to-date symlink: /home/robousr/ROS2Dev/Workspaces/Proyecto_Robot_1/example_ws/install/example_interfaces/local/lib/python3.10/dist-packages/example_interfaces/example_interfaces_s__rosidl_typesupport_fastrtps_c.cpython-310-x86_64-linux-gnu.so
[1.576s] -- Up-to-date symlink: /home/robousr/ROS2Dev/Workspaces/Proyecto_Robot_1/example_ws/install/example_interfaces/local/lib/python3.10/dist-packages/example_interfaces/example_interfaces_s__rosidl_typesupport_introspection_c.cpython-310-x86_64-linux-gnu.so
[1.577s] -- Up-to-date symlink: /home/robousr/ROS2Dev/Workspaces/Proyecto_Robot_1/example_ws/install/example_interfaces/local/lib/python3.10/dist-packages/example_interfaces/libexample_interfaces__rosidl_generator_py.so
[1.577s] -- Up-to-date symlink: /home/robousr/ROS2Dev/Workspaces/Proyecto_Robot_1/example_ws/install/example_interfaces/local/lib/python3.10/dist-packages/example_interfaces/msg/__init__.py
[1.578s] -- Up-to-date symlink: /home/robousr/ROS2Dev/Workspaces/Proyecto_Robot_1/example_ws/install/example_interfaces/local/lib/python3.10/dist-packages/example_interfaces/msg/_example_msg.py
[1.578s] -- Up-to-date symlink: /home/robousr/ROS2Dev/Workspaces/Proyecto_Robot_1/example_ws/install/example_interfaces/local/lib/python3.10/dist-packages/example_interfaces/msg/_example_msg_s.c
[1.578s] -- Up-to-date symlink: /home/robousr/ROS2Dev/Workspaces/Proyecto_Robot_1/example_ws/install/example_interfaces/local/lib/python3.10/dist-packages/example_interfaces/example_interfaces_s__rosidl_typesupport_fastrtps_c.cpython-310-x86_64-linux-gnu.so
[1.578s] -- Up-to-date symlink: /home/robousr/ROS2Dev/Workspaces/Proyecto_Robot_1/example_ws/install/example_interfaces/local/lib/python3.10/dist-packages/example_interfaces/example_interfaces_s__rosidl_typesupport_introspection_c.cpython-310-x86_64-linux-gnu.so
[1.579s] -- Up-to-date symlink: /home/robousr/ROS2Dev/Workspaces/Proyecto_Robot_1/example_ws/install/example_interfaces/local/lib/python3.10/dist-packages/example_interfaces/example_interfaces_s__rosidl_typesupport_c.cpython-310-x86_64-linux-gnu.so
[1.579s] -- Up-to-date symlink: /home/robousr/ROS2Dev/Workspaces/Proyecto_Robot_1/example_ws/install/example_interfaces/share/example_interfaces/msg/ExampleMsg.idl
[1.579s] -- Up-to-date symlink: /home/robousr/ROS2Dev/Workspaces/Proyecto_Robot_1/example_ws/install/example_interfaces/share/example_interfaces/msg/ExampleMsg.msg
[1.580s] -- Up-to-date symlink: /home/robousr/ROS2Dev/Workspaces/Proyecto_Robot_1/example_ws/install/example_interfaces/share/ament_index/resource_index/package_run_dependencies/example_interfaces
[1.580s] -- Up-to-date symlink: /home/robousr/ROS2Dev/Workspaces/Proyecto_Robot_1/example_ws/install/example_interfaces/share/ament_index/resource_index/parent_prefix_path/example_interfaces
[1.580s] -- Up-to-date symlink: /home/robousr/ROS2Dev/Workspaces/Proyecto_Robot_1/example_ws/install/example_interfaces/share/example_interfaces/environment/ament_prefix_path.sh
[1.580s] -- Up-to-date symlink: /home/robousr/ROS2Dev/Workspaces/Proyecto_Robot_1/example_ws/install/example_interfaces/share/example_interfaces/environment/ament_prefix_path.dsv
[1.580s] -- Up-to-date symlink: /home/robousr/ROS2Dev/Workspaces/Proyecto_Robot_1/example_ws/install/example_interfaces/share/example_interfaces/environment/path.sh
[1.581s] -- Up-to-date symlink: /home/robousr/ROS2Dev/Workspaces/Proyecto_Robot_1/example_ws/install/example_interfaces/share/example_interfaces/environment/path.dsv
[1.581s] -- Up-to-date symlink: /home/robousr/ROS2Dev/Workspaces/Proyecto_Robot_1/example_ws/install/example_interfaces/share/example_interfaces/local_setup.bash
[1.581s] -- Up-to-date symlink: /home/robousr/ROS2Dev/Workspaces/Proyecto_Robot_1/example_ws/install/example_interfaces/share/example_interfaces/local_setup.sh
[1.582s] -- Up-to-date symlink: /home/robousr/ROS2Dev/Workspaces/Proyecto_Robot_1/example_ws/install/example_interfaces/share/example_interfaces/local_setup.zsh
[1.582s] -- Up-to-date symlink: /home/robousr/ROS2Dev/Workspaces/Proyecto_Robot_1/example_ws/install/example_interfaces/share/example_interfaces/local_setup.dsv
[1.582s] -- Symlinking: /home/robousr/ROS2Dev/Workspaces/Proyecto_Robot_1/example_ws/install/example_interfaces/share/example_interfaces/package.dsv
[1.596s] -- Up-to-date symlink: /home/robousr/ROS2Dev/Workspaces/Proyecto_Robot_1/example_ws/install/example_interfaces/share/ament_index/resource_index/packages/example_interfaces
[1.596s] -- Up-to-date symlink: /home/robousr/ROS2Dev/Workspaces/Proyecto_Robot_1/example_ws/install/example_interfaces/share/example_interfaces/cmake/rosidl_cmake-extras.cmake
[1.596s] -- Up-to-date symlink: /home/robousr/ROS2Dev/Workspaces/Proyecto_Robot_1/example_ws/install/example_interfaces/share/example_interfaces/cmake/ament_cmake_export_dependencies-extras.cmake
[1.596s] -- Up-to-date symlink: /home/robousr/ROS2Dev/Workspaces/Proyecto_Robot_1/example_ws/install/example_interfaces/share/example_interfaces/cmake/ament_cmake_export_include_directories-extras.cmake
[1.596s] -- Up-to-date symlink: /home/robousr/ROS2Dev/Workspaces/Proyecto_Robot_1/example_ws/install/example_interfaces/share/example_interfaces/cmake/ament_cmake_export_libraries-extras.cmake
[1.597s] -- Up-to-date symlink: /home/robousr/ROS2Dev/Workspaces/Proyecto_Robot_1/example_ws/install/example_interfaces/share/example_interfaces/cmake/ament_cmake_export_targets-extras.cmake
[1.597s] -- Up-to-date symlink: /home/robousr/ROS2Dev/Workspaces/Proyecto_Robot_1/example_ws/install/example_interfaces/share/example_interfaces/cmake/rosidl_cmake_export_typesupport_targets-extras.cmake
[1.597s] -- Up-to-date symlink: /home/robousr/ROS2Dev/Workspaces/Proyecto_Robot_1/example_ws/install/example_interfaces/share/example_interfaces/cmake/rosidl_cmake_export_typesupport_libraries-extras.cmake
[1.598s] -- Up-to-date symlink: /home/robousr/ROS2Dev/Workspaces/Proyecto_Robot_1/example_ws/install/example_interfaces/share/example_interfaces/cmake/example_interfacesConfig.cmake
[1.598s] -- Up-to-date symlink: /home/robousr/ROS2Dev/Workspaces/Proyecto_Robot_1/example_ws/install/example_interfaces/share/example_interfaces/cmake/example_interfacesConfig-version.cmake
[1.598s] -- Up-to-date symlink: /home/robousr/ROS2Dev/Workspaces/Proyecto_Robot_1/example_ws/install/example_interfaces/share/example_interfaces/package.xml
[1.598s] -- Up-to-date: /home/robousr/ROS2Dev/Workspaces/Proyecto_Robot_1/example_ws/install/example_interfaces/lib/libexample_interfaces__rosidl_generator_c.so
[1.598s] -- Up-to-date: /home/robousr/ROS2Dev/Workspaces/Proyecto_Robot_1/example_ws/install/example_interfaces/lib/libexample_interfaces__rosidl_typesupport_fastrtps_c.so
[1.599s] -- Up-to-date: /home/robousr/ROS2Dev/Workspaces/Proyecto_Robot_1/example_ws/install/example_interfaces/lib/libexample_interfaces__rosidl_typesupport_introspection_c.so
[1.599s] -- Up-to-date: /home/robousr/ROS2Dev/Workspaces/Proyecto_Robot_1/example_ws/install/example_interfaces/lib/libexample_interfaces__rosidl_typesupport_c.so
[1.599s] -- Up-to-date: /home/robousr/ROS2Dev/Workspaces/Proyecto_Robot_1/example_ws/install/example_interfaces/lib/libexample_interfaces__rosidl_typesupport_fastrtps_cpp.so
[1.600s] -- Up-to-date: /home/robousr/ROS2Dev/Workspaces/Proyecto_Robot_1/example_ws/install/example_interfaces/lib/libexample_interfaces__rosidl_typesupport_introspection_cpp.so
[1.600s] -- Up-to-date: /home/robousr/ROS2Dev/Workspaces/Proyecto_Robot_1/example_ws/install/example_interfaces/lib/libexample_interfaces__rosidl_typesupport_cpp.so
[1.756s] Listing '/home/robousr/ROS2Dev/Workspaces/Proyecto_Robot_1/example_ws/install/example_interfaces/local/lib/python3.10/dist-packages/example_interfaces'...
[1.756s] Listing '/home/robousr/ROS2Dev/Workspaces/Proyecto_Robot_1/example_ws/install/example_interfaces/local/lib/python3.10/dist-packages/example_interfaces/msg'...
[1.802s] -- Up-to-date: /home/robousr/ROS2Dev/Workspaces/Proyecto_Robot_1/example_ws/install/example_interfaces/lib/libexample_interfaces__rosidl_generator_py.so
[1.802s] -- Up-to-date: /home/robousr/ROS2Dev/Workspaces/Proyecto_Robot_1/example_ws/install/example_interfaces/share/example_interfaces/cmake/export_example_interfaces__rosidl_generator_cExport.cmake
[1.803s] -- Up-to-date: /home/robousr/ROS2Dev/Workspaces/Proyecto_Robot_1/example_ws/install/example_interfaces/share/example_interfaces/cmake/export_example_interfaces__rosidl_generator_cExport-noconfig.cmake
[1.803s] -- Up-to-date: /home/robousr/ROS2Dev/Workspaces/Proyecto_Robot_1/example_ws/install/example_interfaces/share/example_interfaces/cmake/export_example_interfaces__rosidl_typesupport_fastrtps_cExport.cmake
[1.803s] -- Up-to-date: /home/robousr/ROS2Dev/Workspaces/Proyecto_Robot_1/example_ws/install/example_interfaces/share/example_interfaces/cmake/export_example_interfaces__rosidl_typesupport_fastrtps_cExport-noconfig.cmake
[1.803s] -- Up-to-date: /home/robousr/ROS2Dev/Workspaces/Proyecto_Robot_1/example_ws/install/example_interfaces/share/example_interfaces/cmake/example_interfaces__rosidl_typesupport_introspection_cExport.cmake
[1.803s] -- Up-to-date: /home/robousr/ROS2Dev/Workspaces/Proyecto_Robot_1/example_ws/install/example_interfaces/share/example_interfaces/cmake/example_interfaces__rosidl_typesupport_introspection_cExport-noconfig.cmake
[1.804s] -- Up-to-date: /home/robousr/ROS2Dev/Workspaces/Proyecto_Robot_1/example_ws/install/example_interfaces/share/example_interfaces/cmake/example_interfaces__rosidl_typesupport_cExport.cmake
[1.804s] -- Up-to-date: /home/robousr/ROS2Dev/Workspaces/Proyecto_Robot_1/example_ws/install/example_interfaces/share/example_interfaces/cmake/example_interfaces__rosidl_typesupport_cExport-noconfig.cmake
[1.804s] -- Up-to-date: /home/robousr/ROS2Dev/Workspaces/Proyecto_Robot_1/example_ws/install/example_interfaces/share/example_interfaces/cmake/export_example_interfaces__rosidl_generator_cppExport.cmake
[1.804s] -- Up-to-date: /home/robousr/ROS2Dev/Workspaces/Proyecto_Robot_1/example_ws/install/example_interfaces/share/example_interfaces/cmake/export_example_interfaces__rosidl_typesupport_fastrtps_cppExport.cmake
[1.805s] -- Up-to-date: /home/robousr/ROS2Dev/Workspaces/Proyecto_Robot_1/example_ws/install/example_interfaces/share/example_interfaces/cmake/export_example_interfaces__rosidl_typesupport_fastrtps_cppExport-noconfig.cmake
[1.805s] -- Up-to-date: /home/robousr/ROS2Dev/Workspaces/Proyecto_Robot_1/example_ws/install/example_interfaces/share/example_interfaces/cmake/example_interfaces__rosidl_typesupport_introspection_cppExport.cmake
[1.805s] -- Up-to-date: /home/robousr/ROS2Dev/Workspaces/Proyecto_Robot_1/example_ws/install/example_interfaces/share/example_interfaces/cmake/example_interfaces__rosidl_typesupport_introspection_cppExport-noconfig.cmake
[1.805s] -- Up-to-date: /home/robousr/ROS2Dev/Workspaces/Proyecto_Robot_1/example_ws/install/example_interfaces/share/example_interfaces/cmake/example_interfaces__rosidl_typesupport_cppExport.cmake
[1.805s] -- Up-to-date: /home/robousr/ROS2Dev/Workspaces/Proyecto_Robot_1/example_ws/install/example_interfaces/share/example_interfaces/cmake/example_interfaces__rosidl_typesupport_cppExport-noconfig.cmake
[1.806s] -- Up-to-date: /home/robousr/ROS2Dev/Workspaces/Proyecto_Robot_1/example_ws/install/example_interfaces/share/example_interfaces/cmake/export_example_interfaces__rosidl_generator_pyExport.cmake
[1.807s] -- Up-to-date: /home/robousr/ROS2Dev/Workspaces/Proyecto_Robot_1/example_ws/install/example_interfaces/share/example_interfaces/cmake/export_example_interfaces__rosidl_generator_pyExport-noconfig.cmake
[1.811s] Invoked command in '/home/robousr/ROS2Dev/Workspaces/Proyecto_Robot_1/example_ws/build/example_interfaces' returned '0': CMAKE_PREFIX_PATH=${CMAKE_PREFIX_PATH}:/home/robousr/ROS2Dev/Workspaces/Proyecto_Robot_1/example_ws/install/example_pkg:/home/robousr/ROS2Dev/Workspaces/Proyecto_Robot_1/example_ws/install/example_description:/home/robousr/ROS2Dev/Workspaces/Proyecto_Robot_1/example_ws/install/example_decription:/home/robousr/ROS2Dev/Workspaces/Proyecto_Robot_1/example_ws/install/example_control:/home/robousr/ROS2Dev/Workspaces/Proyecto_Robot_1/example_ws/install/example_bringup:/opt/ros/humble /usr/bin/cmake --install /home/robousr/ROS2Dev/Workspaces/Proyecto_Robot_1/example_ws/build/example_interfaces
