[0.020s] Invoking command in '/home/robousr/ROS2Dev/Workspaces/Proyecto_Robot_2/example_ws/build/example_interfaces': CMAKE_PREFIX_PATH=${CMAKE_PREFIX_PATH}:/home/robousr/ROS2Dev/Workspaces/Proyecto_Robot_2/example_ws/install/example_pkg:/home/robousr/ROS2Dev/Workspaces/Proyecto_Robot_2/example_ws/install/example_description:/home/robousr/ROS2Dev/Workspaces/Proyecto_Robot_2/example_ws/install/example_decription:/home/robousr/ROS2Dev/Workspaces/Proyecto_Robot_2/example_ws/install/example_control:/home/robousr/ROS2Dev/Workspaces/Proyecto_Robot_2/example_ws/install/example_bringup:/opt/ros/humble /usr/bin/cmake --build /home/robousr/ROS2Dev/Workspaces/Proyecto_Robot_2/example_ws/build/example_interfaces -- -j4 -l4
[0.120s] [  3%] Built target example_interfaces__cpp
[0.147s] [ 12%] Built target example_interfaces__rosidl_generator_c
[0.175s] [ 12%] Built target ament_cmake_python_symlink_example_interfaces
[0.175s] [ 22%] Built target example_interfaces__rosidl_typesupport_fastrtps_cpp
[0.182s] [ 32%] Built target example_interfaces__rosidl_typesupport_cpp
[0.187s] [ 41%] Built target example_interfaces__rosidl_typesupport_introspection_cpp
[0.207s] [ 51%] Built target example_interfaces__rosidl_typesupport_fastrtps_c
[0.212s] [ 61%] Built target example_interfaces__rosidl_typesupport_introspection_c
[0.219s] [ 70%] Built target example_interfaces__rosidl_typesupport_c
[0.246s] [ 70%] Built target example_interfaces
[0.272s] [ 74%] Built target example_interfaces__py
[0.300s] [ 80%] Built target example_interfaces__rosidl_generator_py
[0.326s] [ 87%] Built target example_interfaces__rosidl_typesupport_fastrtps_c__pyext
[0.332s] [ 93%] Built target example_interfaces__rosidl_typesupport_introspection_c__pyext
[0.336s] [100%] Built target example_interfaces__rosidl_typesupport_c__pyext
[0.617s] running egg_info
[0.617s] writing example_interfaces.egg-info/PKG-INFO
[0.618s] writing dependency_links to example_interfaces.egg-info/dependency_links.txt
[0.618s] writing top-level names to example_interfaces.egg-info/top_level.txt
[0.621s] reading manifest file 'example_interfaces.egg-info/SOURCES.txt'
[0.625s] writing manifest file 'example_interfaces.egg-info/SOURCES.txt'
[0.662s] [100%] Built target ament_cmake_python_build_example_interfaces_egg
[0.675s] Invoked command in '/home/robousr/ROS2Dev/Workspaces/Proyecto_Robot_2/example_ws/build/example_interfaces' returned '0': CMAKE_PREFIX_PATH=${CMAKE_PREFIX_PATH}:/home/robousr/ROS2Dev/Workspaces/Proyecto_Robot_2/example_ws/install/example_pkg:/home/robousr/ROS2Dev/Workspaces/Proyecto_Robot_2/example_ws/install/example_description:/home/robousr/ROS2Dev/Workspaces/Proyecto_Robot_2/example_ws/install/example_decription:/home/robousr/ROS2Dev/Workspaces/Proyecto_Robot_2/example_ws/install/example_control:/home/robousr/ROS2Dev/Workspaces/Proyecto_Robot_2/example_ws/install/example_bringup:/opt/ros/humble /usr/bin/cmake --build /home/robousr/ROS2Dev/Workspaces/Proyecto_Robot_2/example_ws/build/example_interfaces -- -j4 -l4
[0.690s] Invoking command in '/home/robousr/ROS2Dev/Workspaces/Proyecto_Robot_2/example_ws/build/example_interfaces': CMAKE_PREFIX_PATH=${CMAKE_PREFIX_PATH}:/home/robousr/ROS2Dev/Workspaces/Proyecto_Robot_2/example_ws/install/example_pkg:/home/robousr/ROS2Dev/Workspaces/Proyecto_Robot_2/example_ws/install/example_description:/home/robousr/ROS2Dev/Workspaces/Proyecto_Robot_2/example_ws/install/example_decription:/home/robousr/ROS2Dev/Workspaces/Proyecto_Robot_2/example_ws/install/example_control:/home/robousr/ROS2Dev/Workspaces/Proyecto_Robot_2/example_ws/install/example_bringup:/opt/ros/humble /usr/bin/cmake --install /home/robousr/ROS2Dev/Workspaces/Proyecto_Robot_2/example_ws/build/example_interfaces
[0.694s] -- Install configuration: ""
[0.695s] -- Execute custom install script
[0.695s] -- Up-to-date symlink: /home/robousr/ROS2Dev/Workspaces/Proyecto_Robot_2/example_ws/install/example_interfaces/share/ament_index/resource_index/rosidl_interfaces/example_interfaces
[0.696s] -- Up-to-date symlink: /home/robousr/ROS2Dev/Workspaces/Proyecto_Robot_2/example_ws/install/example_interfaces/include/example_interfaces/example_interfaces/msg/detail/example_msg__functions.h
[0.696s] -- Up-to-date symlink: /home/robousr/ROS2Dev/Workspaces/Proyecto_Robot_2/example_ws/install/example_interfaces/include/example_interfaces/example_interfaces/msg/detail/example_msg__struct.h
[0.696s] -- Up-to-date symlink: /home/robousr/ROS2Dev/Workspaces/Proyecto_Robot_2/example_ws/install/example_interfaces/include/example_interfaces/example_interfaces/msg/detail/example_msg__type_support.h
[0.696s] -- Up-to-date symlink: /home/robousr/ROS2Dev/Workspaces/Proyecto_Robot_2/example_ws/install/example_interfaces/include/example_interfaces/example_interfaces/msg/example_msg.h
[0.696s] -- Up-to-date symlink: /home/robousr/ROS2Dev/Workspaces/Proyecto_Robot_2/example_ws/install/example_interfaces/include/example_interfaces/example_interfaces/msg/rosidl_generator_c__visibility_control.h
[0.696s] -- Up-to-date symlink: /home/robousr/ROS2Dev/Workspaces/Proyecto_Robot_2/example_ws/install/example_interfaces/share/example_interfaces/environment/library_path.sh
[0.697s] -- Up-to-date symlink: /home/robousr/ROS2Dev/Workspaces/Proyecto_Robot_2/example_ws/install/example_interfaces/share/example_interfaces/environment/library_path.dsv
[0.697s] -- Up-to-date symlink: /home/robousr/ROS2Dev/Workspaces/Proyecto_Robot_2/example_ws/install/example_interfaces/include/example_interfaces/example_interfaces/msg/detail/example_msg__rosidl_typesupport_fastrtps_c.h
[0.697s] -- Up-to-date symlink: /home/robousr/ROS2Dev/Workspaces/Proyecto_Robot_2/example_ws/install/example_interfaces/include/example_interfaces/example_interfaces/msg/rosidl_typesupport_fastrtps_c__visibility_control.h
[0.698s] -- Up-to-date symlink: /home/robousr/ROS2Dev/Workspaces/Proyecto_Robot_2/example_ws/install/example_interfaces/include/example_interfaces/example_interfaces/msg/detail/example_msg__rosidl_typesupport_introspection_c.h
[0.698s] -- Up-to-date symlink: /home/robousr/ROS2Dev/Workspaces/Proyecto_Robot_2/example_ws/install/example_interfaces/include/example_interfaces/example_interfaces/msg/rosidl_typesupport_introspection_c__visibility_control.h
[0.698s] -- Up-to-date symlink: /home/robousr/ROS2Dev/Workspaces/Proyecto_Robot_2/example_ws/install/example_interfaces/include/example_interfaces/example_interfaces/msg/detail/example_msg__builder.hpp
[0.698s] -- Up-to-date symlink: /home/robousr/ROS2Dev/Workspaces/Proyecto_Robot_2/example_ws/install/example_interfaces/include/example_interfaces/example_interfaces/msg/detail/example_msg__struct.hpp
[0.698s] -- Up-to-date symlink: /home/robousr/ROS2Dev/Workspaces/Proyecto_Robot_2/example_ws/install/example_interfaces/include/example_interfaces/example_interfaces/msg/detail/example_msg__traits.hpp
[0.698s] -- Up-to-date symlink: /home/robousr/ROS2Dev/Workspaces/Proyecto_Robot_2/example_ws/install/example_interfaces/include/example_interfaces/example_interfaces/msg/detail/example_msg__type_support.hpp
[0.698s] -- Up-to-date symlink: /home/robousr/ROS2Dev/Workspaces/Proyecto_Robot_2/example_ws/install/example_interfaces/include/example_interfaces/example_interfaces/msg/example_msg.hpp
[0.699s] -- Up-to-date symlink: /home/robousr/ROS2Dev/Workspaces/Proyecto_Robot_2/example_ws/install/example_interfaces/include/example_interfaces/example_interfaces/msg/rosidl_generator_cpp__visibility_control.hpp
[0.699s] -- Up-to-date symlink: /home/robousr/ROS2Dev/Workspaces/Proyecto_Robot_2/example_ws/install/example_interfaces/include/example_interfaces/example_interfaces/msg/detail/example_msg__rosidl_typesupport_fastrtps_cpp.hpp
[0.699s] -- Up-to-date symlink: /home/robousr/ROS2Dev/Workspaces/Proyecto_Robot_2/example_ws/install/example_interfaces/include/example_interfaces/example_interfaces/msg/rosidl_typesupport_fastrtps_cpp__visibility_control.h
[0.699s] -- Up-to-date symlink: /home/robousr/ROS2Dev/Workspaces/Proyecto_Robot_2/example_ws/install/example_interfaces/include/example_interfaces/example_interfaces/msg/detail/example_msg__rosidl_typesupport_introspection_cpp.hpp
[0.700s] -- Up-to-date symlink: /home/robousr/ROS2Dev/Workspaces/Proyecto_Robot_2/example_ws/install/example_interfaces/share/example_interfaces/environment/pythonpath.sh
[0.700s] -- Up-to-date symlink: /home/robousr/ROS2Dev/Workspaces/Proyecto_Robot_2/example_ws/install/example_interfaces/share/example_interfaces/environment/pythonpath.dsv
[0.700s] -- Up-to-date symlink: /home/robousr/ROS2Dev/Workspaces/Proyecto_Robot_2/example_ws/install/example_interfaces/local/lib/python3.10/dist-packages/example_interfaces-0.0.0-py3.10.egg-info/PKG-INFO
[0.700s] -- Up-to-date symlink: /home/robousr/ROS2Dev/Workspaces/Proyecto_Robot_2/example_ws/install/example_interfaces/local/lib/python3.10/dist-packages/example_interfaces-0.0.0-py3.10.egg-info/SOURCES.txt
[0.700s] -- Up-to-date symlink: /home/robousr/ROS2Dev/Workspaces/Proyecto_Robot_2/example_ws/install/example_interfaces/local/lib/python3.10/dist-packages/example_interfaces-0.0.0-py3.10.egg-info/dependency_links.txt
[0.701s] -- Up-to-date symlink: /home/robousr/ROS2Dev/Workspaces/Proyecto_Robot_2/example_ws/install/example_interfaces/local/lib/python3.10/dist-packages/example_interfaces-0.0.0-py3.10.egg-info/top_level.txt
[0.701s] -- Up-to-date symlink: /home/robousr/ROS2Dev/Workspaces/Proyecto_Robot_2/example_ws/install/example_interfaces/local/lib/python3.10/dist-packages/example_interfaces/__init__.py
[0.701s] -- Up-to-date symlink: /home/robousr/ROS2Dev/Workspaces/Proyecto_Robot_2/example_ws/install/example_interfaces/local/lib/python3.10/dist-packages/example_interfaces/_example_interfaces_s.ep.rosidl_typesupport_c.c
[0.702s] -- Up-to-date symlink: /home/robousr/ROS2Dev/Workspaces/Proyecto_Robot_2/example_ws/install/example_interfaces/local/lib/python3.10/dist-packages/example_interfaces/_example_interfaces_s.ep.rosidl_typesupport_fastrtps_c.c
[0.702s] -- Up-to-date symlink: /home/robousr/ROS2Dev/Workspaces/Proyecto_Robot_2/example_ws/install/example_interfaces/local/lib/python3.10/dist-packages/example_interfaces/_example_interfaces_s.ep.rosidl_typesupport_introspection_c.c
[0.702s] -- Up-to-date symlink: /home/robousr/ROS2Dev/Workspaces/Proyecto_Robot_2/example_ws/install/example_interfaces/local/lib/python3.10/dist-packages/example_interfaces/example_interfaces_s__rosidl_typesupport_c.cpython-310-x86_64-linux-gnu.so
[0.702s] -- Up-to-date symlink: /home/robousr/ROS2Dev/Workspaces/Proyecto_Robot_2/example_ws/install/example_interfaces/local/lib/python3.10/dist-packages/example_interfaces/example_interfaces_s__rosidl_typesupport_fastrtps_c.cpython-310-x86_64-linux-gnu.so
[0.702s] -- Up-to-date symlink: /home/robousr/ROS2Dev/Workspaces/Proyecto_Robot_2/example_ws/install/example_interfaces/local/lib/python3.10/dist-packages/example_interfaces/example_interfaces_s__rosidl_typesupport_introspection_c.cpython-310-x86_64-linux-gnu.so
[0.702s] -- Up-to-date symlink: /home/robousr/ROS2Dev/Workspaces/Proyecto_Robot_2/example_ws/install/example_interfaces/local/lib/python3.10/dist-packages/example_interfaces/libexample_interfaces__rosidl_generator_py.so
[0.702s] -- Up-to-date symlink: /home/robousr/ROS2Dev/Workspaces/Proyecto_Robot_2/example_ws/install/example_interfaces/local/lib/python3.10/dist-packages/example_interfaces/msg/__init__.py
[0.702s] -- Up-to-date symlink: /home/robousr/ROS2Dev/Workspaces/Proyecto_Robot_2/example_ws/install/example_interfaces/local/lib/python3.10/dist-packages/example_interfaces/msg/_example_msg.py
[0.702s] -- Up-to-date symlink: /home/robousr/ROS2Dev/Workspaces/Proyecto_Robot_2/example_ws/install/example_interfaces/local/lib/python3.10/dist-packages/example_interfaces/msg/_example_msg_s.c
[0.703s] -- Up-to-date symlink: /home/robousr/ROS2Dev/Workspaces/Proyecto_Robot_2/example_ws/install/example_interfaces/local/lib/python3.10/dist-packages/example_interfaces/example_interfaces_s__rosidl_typesupport_fastrtps_c.cpython-310-x86_64-linux-gnu.so
[0.703s] -- Up-to-date symlink: /home/robousr/ROS2Dev/Workspaces/Proyecto_Robot_2/example_ws/install/example_interfaces/local/lib/python3.10/dist-packages/example_interfaces/example_interfaces_s__rosidl_typesupport_introspection_c.cpython-310-x86_64-linux-gnu.so
[0.703s] -- Up-to-date symlink: /home/robousr/ROS2Dev/Workspaces/Proyecto_Robot_2/example_ws/install/example_interfaces/local/lib/python3.10/dist-packages/example_interfaces/example_interfaces_s__rosidl_typesupport_c.cpython-310-x86_64-linux-gnu.so
[0.703s] -- Up-to-date symlink: /home/robousr/ROS2Dev/Workspaces/Proyecto_Robot_2/example_ws/install/example_interfaces/share/example_interfaces/msg/ExampleMsg.idl
[0.704s] -- Up-to-date symlink: /home/robousr/ROS2Dev/Workspaces/Proyecto_Robot_2/example_ws/install/example_interfaces/share/example_interfaces/msg/ExampleMsg.msg
[0.704s] -- Up-to-date symlink: /home/robousr/ROS2Dev/Workspaces/Proyecto_Robot_2/example_ws/install/example_interfaces/share/ament_index/resource_index/package_run_dependencies/example_interfaces
[0.704s] -- Up-to-date symlink: /home/robousr/ROS2Dev/Workspaces/Proyecto_Robot_2/example_ws/install/example_interfaces/share/ament_index/resource_index/parent_prefix_path/example_interfaces
[0.704s] -- Up-to-date symlink: /home/robousr/ROS2Dev/Workspaces/Proyecto_Robot_2/example_ws/install/example_interfaces/share/example_interfaces/environment/ament_prefix_path.sh
[0.704s] -- Up-to-date symlink: /home/robousr/ROS2Dev/Workspaces/Proyecto_Robot_2/example_ws/install/example_interfaces/share/example_interfaces/environment/ament_prefix_path.dsv
[0.704s] -- Up-to-date symlink: /home/robousr/ROS2Dev/Workspaces/Proyecto_Robot_2/example_ws/install/example_interfaces/share/example_interfaces/environment/path.sh
[0.705s] -- Up-to-date symlink: /home/robousr/ROS2Dev/Workspaces/Proyecto_Robot_2/example_ws/install/example_interfaces/share/example_interfaces/environment/path.dsv
[0.705s] -- Up-to-date symlink: /home/robousr/ROS2Dev/Workspaces/Proyecto_Robot_2/example_ws/install/example_interfaces/share/example_interfaces/local_setup.bash
[0.705s] -- Up-to-date symlink: /home/robousr/ROS2Dev/Workspaces/Proyecto_Robot_2/example_ws/install/example_interfaces/share/example_interfaces/local_setup.sh
[0.705s] -- Up-to-date symlink: /home/robousr/ROS2Dev/Workspaces/Proyecto_Robot_2/example_ws/install/example_interfaces/share/example_interfaces/local_setup.zsh
[0.705s] -- Up-to-date symlink: /home/robousr/ROS2Dev/Workspaces/Proyecto_Robot_2/example_ws/install/example_interfaces/share/example_interfaces/local_setup.dsv
[0.706s] -- Symlinking: /home/robousr/ROS2Dev/Workspaces/Proyecto_Robot_2/example_ws/install/example_interfaces/share/example_interfaces/package.dsv
[0.715s] -- Up-to-date symlink: /home/robousr/ROS2Dev/Workspaces/Proyecto_Robot_2/example_ws/install/example_interfaces/share/ament_index/resource_index/packages/example_interfaces
[0.715s] -- Up-to-date symlink: /home/robousr/ROS2Dev/Workspaces/Proyecto_Robot_2/example_ws/install/example_interfaces/share/example_interfaces/cmake/rosidl_cmake-extras.cmake
[0.716s] -- Up-to-date symlink: /home/robousr/ROS2Dev/Workspaces/Proyecto_Robot_2/example_ws/install/example_interfaces/share/example_interfaces/cmake/ament_cmake_export_dependencies-extras.cmake
[0.716s] -- Up-to-date symlink: /home/robousr/ROS2Dev/Workspaces/Proyecto_Robot_2/example_ws/install/example_interfaces/share/example_interfaces/cmake/ament_cmake_export_include_directories-extras.cmake
[0.716s] -- Up-to-date symlink: /home/robousr/ROS2Dev/Workspaces/Proyecto_Robot_2/example_ws/install/example_interfaces/share/example_interfaces/cmake/ament_cmake_export_libraries-extras.cmake
[0.716s] -- Up-to-date symlink: /home/robousr/ROS2Dev/Workspaces/Proyecto_Robot_2/example_ws/install/example_interfaces/share/example_interfaces/cmake/ament_cmake_export_targets-extras.cmake
[0.716s] -- Up-to-date symlink: /home/robousr/ROS2Dev/Workspaces/Proyecto_Robot_2/example_ws/install/example_interfaces/share/example_interfaces/cmake/rosidl_cmake_export_typesupport_targets-extras.cmake
[0.716s] -- Up-to-date symlink: /home/robousr/ROS2Dev/Workspaces/Proyecto_Robot_2/example_ws/install/example_interfaces/share/example_interfaces/cmake/rosidl_cmake_export_typesupport_libraries-extras.cmake
[0.716s] -- Up-to-date symlink: /home/robousr/ROS2Dev/Workspaces/Proyecto_Robot_2/example_ws/install/example_interfaces/share/example_interfaces/cmake/example_interfacesConfig.cmake
[0.717s] -- Up-to-date symlink: /home/robousr/ROS2Dev/Workspaces/Proyecto_Robot_2/example_ws/install/example_interfaces/share/example_interfaces/cmake/example_interfacesConfig-version.cmake
[0.717s] -- Up-to-date symlink: /home/robousr/ROS2Dev/Workspaces/Proyecto_Robot_2/example_ws/install/example_interfaces/share/example_interfaces/package.xml
[0.717s] -- Up-to-date: /home/robousr/ROS2Dev/Workspaces/Proyecto_Robot_2/example_ws/install/example_interfaces/lib/libexample_interfaces__rosidl_generator_c.so
[0.717s] -- Up-to-date: /home/robousr/ROS2Dev/Workspaces/Proyecto_Robot_2/example_ws/install/example_interfaces/lib/libexample_interfaces__rosidl_typesupport_fastrtps_c.so
[0.718s] -- Up-to-date: /home/robousr/ROS2Dev/Workspaces/Proyecto_Robot_2/example_ws/install/example_interfaces/lib/libexample_interfaces__rosidl_typesupport_introspection_c.so
[0.718s] -- Up-to-date: /home/robousr/ROS2Dev/Workspaces/Proyecto_Robot_2/example_ws/install/example_interfaces/lib/libexample_interfaces__rosidl_typesupport_c.so
[0.718s] -- Up-to-date: /home/robousr/ROS2Dev/Workspaces/Proyecto_Robot_2/example_ws/install/example_interfaces/lib/libexample_interfaces__rosidl_typesupport_fastrtps_cpp.so
[0.718s] -- Up-to-date: /home/robousr/ROS2Dev/Workspaces/Proyecto_Robot_2/example_ws/install/example_interfaces/lib/libexample_interfaces__rosidl_typesupport_introspection_cpp.so
[0.718s] -- Up-to-date: /home/robousr/ROS2Dev/Workspaces/Proyecto_Robot_2/example_ws/install/example_interfaces/lib/libexample_interfaces__rosidl_typesupport_cpp.so
[0.816s] Listing '/home/robousr/ROS2Dev/Workspaces/Proyecto_Robot_2/example_ws/install/example_interfaces/local/lib/python3.10/dist-packages/example_interfaces'...
[0.816s] Listing '/home/robousr/ROS2Dev/Workspaces/Proyecto_Robot_2/example_ws/install/example_interfaces/local/lib/python3.10/dist-packages/example_interfaces/msg'...
[0.819s] -- Up-to-date: /home/robousr/ROS2Dev/Workspaces/Proyecto_Robot_2/example_ws/install/example_interfaces/lib/libexample_interfaces__rosidl_generator_py.so
[0.819s] -- Up-to-date: /home/robousr/ROS2Dev/Workspaces/Proyecto_Robot_2/example_ws/install/example_interfaces/share/example_interfaces/cmake/export_example_interfaces__rosidl_generator_cExport.cmake
[0.820s] -- Up-to-date: /home/robousr/ROS2Dev/Workspaces/Proyecto_Robot_2/example_ws/install/example_interfaces/share/example_interfaces/cmake/export_example_interfaces__rosidl_generator_cExport-noconfig.cmake
[0.820s] -- Up-to-date: /home/robousr/ROS2Dev/Workspaces/Proyecto_Robot_2/example_ws/install/example_interfaces/share/example_interfaces/cmake/export_example_interfaces__rosidl_typesupport_fastrtps_cExport.cmake
[0.820s] -- Up-to-date: /home/robousr/ROS2Dev/Workspaces/Proyecto_Robot_2/example_ws/install/example_interfaces/share/example_interfaces/cmake/export_example_interfaces__rosidl_typesupport_fastrtps_cExport-noconfig.cmake
[0.820s] -- Up-to-date: /home/robousr/ROS2Dev/Workspaces/Proyecto_Robot_2/example_ws/install/example_interfaces/share/example_interfaces/cmake/example_interfaces__rosidl_typesupport_introspection_cExport.cmake
[0.820s] -- Up-to-date: /home/robousr/ROS2Dev/Workspaces/Proyecto_Robot_2/example_ws/install/example_interfaces/share/example_interfaces/cmake/example_interfaces__rosidl_typesupport_introspection_cExport-noconfig.cmake
[0.820s] -- Up-to-date: /home/robousr/ROS2Dev/Workspaces/Proyecto_Robot_2/example_ws/install/example_interfaces/share/example_interfaces/cmake/example_interfaces__rosidl_typesupport_cExport.cmake
[0.821s] -- Up-to-date: /home/robousr/ROS2Dev/Workspaces/Proyecto_Robot_2/example_ws/install/example_interfaces/share/example_interfaces/cmake/example_interfaces__rosidl_typesupport_cExport-noconfig.cmake
[0.821s] -- Up-to-date: /home/robousr/ROS2Dev/Workspaces/Proyecto_Robot_2/example_ws/install/example_interfaces/share/example_interfaces/cmake/export_example_interfaces__rosidl_generator_cppExport.cmake
[0.821s] -- Up-to-date: /home/robousr/ROS2Dev/Workspaces/Proyecto_Robot_2/example_ws/install/example_interfaces/share/example_interfaces/cmake/export_example_interfaces__rosidl_typesupport_fastrtps_cppExport.cmake
[0.821s] -- Up-to-date: /home/robousr/ROS2Dev/Workspaces/Proyecto_Robot_2/example_ws/install/example_interfaces/share/example_interfaces/cmake/export_example_interfaces__rosidl_typesupport_fastrtps_cppExport-noconfig.cmake
[0.821s] -- Up-to-date: /home/robousr/ROS2Dev/Workspaces/Proyecto_Robot_2/example_ws/install/example_interfaces/share/example_interfaces/cmake/example_interfaces__rosidl_typesupport_introspection_cppExport.cmake
[0.821s] -- Up-to-date: /home/robousr/ROS2Dev/Workspaces/Proyecto_Robot_2/example_ws/install/example_interfaces/share/example_interfaces/cmake/example_interfaces__rosidl_typesupport_introspection_cppExport-noconfig.cmake
[0.821s] -- Up-to-date: /home/robousr/ROS2Dev/Workspaces/Proyecto_Robot_2/example_ws/install/example_interfaces/share/example_interfaces/cmake/example_interfaces__rosidl_typesupport_cppExport.cmake
[0.822s] -- Up-to-date: /home/robousr/ROS2Dev/Workspaces/Proyecto_Robot_2/example_ws/install/example_interfaces/share/example_interfaces/cmake/example_interfaces__rosidl_typesupport_cppExport-noconfig.cmake
[0.822s] -- Up-to-date: /home/robousr/ROS2Dev/Workspaces/Proyecto_Robot_2/example_ws/install/example_interfaces/share/example_interfaces/cmake/export_example_interfaces__rosidl_generator_pyExport.cmake
[0.822s] -- Up-to-date: /home/robousr/ROS2Dev/Workspaces/Proyecto_Robot_2/example_ws/install/example_interfaces/share/example_interfaces/cmake/export_example_interfaces__rosidl_generator_pyExport-noconfig.cmake
[0.826s] Invoked command in '/home/robousr/ROS2Dev/Workspaces/Proyecto_Robot_2/example_ws/build/example_interfaces' returned '0': CMAKE_PREFIX_PATH=${CMAKE_PREFIX_PATH}:/home/robousr/ROS2Dev/Workspaces/Proyecto_Robot_2/example_ws/install/example_pkg:/home/robousr/ROS2Dev/Workspaces/Proyecto_Robot_2/example_ws/install/example_description:/home/robousr/ROS2Dev/Workspaces/Proyecto_Robot_2/example_ws/install/example_decription:/home/robousr/ROS2Dev/Workspaces/Proyecto_Robot_2/example_ws/install/example_control:/home/robousr/ROS2Dev/Workspaces/Proyecto_Robot_2/example_ws/install/example_bringup:/opt/ros/humble /usr/bin/cmake --install /home/robousr/ROS2Dev/Workspaces/Proyecto_Robot_2/example_ws/build/example_interfaces
