[0.097s] Invoking command in '/home/robousr/ROS2Dev/Workspaces/Proyecto_Robot_1/example_ws/build/example_interfaces': CMAKE_PREFIX_PATH=${CMAKE_PREFIX_PATH}:/home/robousr/ROS2Dev/Workspaces/Proyecto_Robot_1/example_ws/install/example_pkg:/home/robousr/ROS2Dev/Workspaces/Proyecto_Robot_1/example_ws/install/example_description:/home/robousr/ROS2Dev/Workspaces/Proyecto_Robot_1/example_ws/install/example_decription:/home/robousr/ROS2Dev/Workspaces/Proyecto_Robot_1/example_ws/install/example_control:/home/robousr/ROS2Dev/Workspaces/Proyecto_Robot_1/example_ws/install/example_bringup:/opt/ros/humble /usr/bin/cmake --build /home/robousr/ROS2Dev/Workspaces/Proyecto_Robot_1/example_ws/build/example_interfaces -- -j4 -l4
[0.212s] [  3%] Built target example_interfaces__cpp
[0.221s] [ 12%] Built target example_interfaces__rosidl_generator_c
[0.263s] [ 22%] Built target example_interfaces__rosidl_typesupport_fastrtps_cpp
[0.266s] [ 22%] Built target ament_cmake_python_symlink_example_interfaces
[0.300s] [ 32%] Built target example_interfaces__rosidl_typesupport_introspection_cpp
[0.314s] [ 41%] Built target example_interfaces__rosidl_typesupport_fastrtps_c
[0.339s] [ 51%] Built target example_interfaces__rosidl_typesupport_introspection_c
[0.368s] [ 61%] Built target example_interfaces__rosidl_typesupport_c
[0.428s] [ 70%] Built target example_interfaces__rosidl_typesupport_cpp
[0.468s] [ 70%] Built target example_interfaces
[0.505s] [ 74%] Built target example_interfaces__py
[0.547s] [ 80%] Built target example_interfaces__rosidl_generator_py
[0.610s] [ 87%] Built target example_interfaces__rosidl_typesupport_fastrtps_c__pyext
[0.669s] [ 93%] Built target example_interfaces__rosidl_typesupport_c__pyext
[0.703s] [100%] Built target example_interfaces__rosidl_typesupport_introspection_c__pyext
[1.081s] running egg_info
[1.082s] writing example_interfaces.egg-info/PKG-INFO
[1.083s] writing dependency_links to example_interfaces.egg-info/dependency_links.txt
[1.083s] writing top-level names to example_interfaces.egg-info/top_level.txt
[1.089s] reading manifest file 'example_interfaces.egg-info/SOURCES.txt'
[1.090s] writing manifest file 'example_interfaces.egg-info/SOURCES.txt'
[1.131s] [100%] Built target ament_cmake_python_build_example_interfaces_egg
[1.152s] Invoked command in '/home/robousr/ROS2Dev/Workspaces/Proyecto_Robot_1/example_ws/build/example_interfaces' returned '0': CMAKE_PREFIX_PATH=${CMAKE_PREFIX_PATH}:/home/robousr/ROS2Dev/Workspaces/Proyecto_Robot_1/example_ws/install/example_pkg:/home/robousr/ROS2Dev/Workspaces/Proyecto_Robot_1/example_ws/install/example_description:/home/robousr/ROS2Dev/Workspaces/Proyecto_Robot_1/example_ws/install/example_decription:/home/robousr/ROS2Dev/Workspaces/Proyecto_Robot_1/example_ws/install/example_control:/home/robousr/ROS2Dev/Workspaces/Proyecto_Robot_1/example_ws/install/example_bringup:/opt/ros/humble /usr/bin/cmake --build /home/robousr/ROS2Dev/Workspaces/Proyecto_Robot_1/example_ws/build/example_interfaces -- -j4 -l4
[1.172s] Invoking command in '/home/robousr/ROS2Dev/Workspaces/Proyecto_Robot_1/example_ws/build/example_interfaces': CMAKE_PREFIX_PATH=${CMAKE_PREFIX_PATH}:/home/robousr/ROS2Dev/Workspaces/Proyecto_Robot_1/example_ws/install/example_pkg:/home/robousr/ROS2Dev/Workspaces/Proyecto_Robot_1/example_ws/install/example_description:/home/robousr/ROS2Dev/Workspaces/Proyecto_Robot_1/example_ws/install/example_decription:/home/robousr/ROS2Dev/Workspaces/Proyecto_Robot_1/example_ws/install/example_control:/home/robousr/ROS2Dev/Workspaces/Proyecto_Robot_1/example_ws/install/example_bringup:/opt/ros/humble /usr/bin/cmake --install /home/robousr/ROS2Dev/Workspaces/Proyecto_Robot_1/example_ws/build/example_interfaces
[1.180s] -- Install configuration: ""
[1.181s] -- Execute custom install script
[1.181s] -- Up-to-date symlink: /home/robousr/ROS2Dev/Workspaces/Proyecto_Robot_1/example_ws/install/example_interfaces/share/ament_index/resource_index/rosidl_interfaces/example_interfaces
[1.182s] -- Up-to-date symlink: /home/robousr/ROS2Dev/Workspaces/Proyecto_Robot_1/example_ws/install/example_interfaces/include/example_interfaces/example_interfaces/msg/detail/example_msg__functions.h
[1.182s] -- Up-to-date symlink: /home/robousr/ROS2Dev/Workspaces/Proyecto_Robot_1/example_ws/install/example_interfaces/include/example_interfaces/example_interfaces/msg/detail/example_msg__struct.h
[1.183s] -- Up-to-date symlink: /home/robousr/ROS2Dev/Workspaces/Proyecto_Robot_1/example_ws/install/example_interfaces/include/example_interfaces/example_interfaces/msg/detail/example_msg__type_support.h
[1.183s] -- Up-to-date symlink: /home/robousr/ROS2Dev/Workspaces/Proyecto_Robot_1/example_ws/install/example_interfaces/include/example_interfaces/example_interfaces/msg/example_msg.h
[1.183s] -- Up-to-date symlink: /home/robousr/ROS2Dev/Workspaces/Proyecto_Robot_1/example_ws/install/example_interfaces/include/example_interfaces/example_interfaces/msg/rosidl_generator_c__visibility_control.h
[1.183s] -- Up-to-date symlink: /home/robousr/ROS2Dev/Workspaces/Proyecto_Robot_1/example_ws/install/example_interfaces/share/example_interfaces/environment/library_path.sh
[1.183s] -- Up-to-date symlink: /home/robousr/ROS2Dev/Workspaces/Proyecto_Robot_1/example_ws/install/example_interfaces/share/example_interfaces/environment/library_path.dsv
[1.184s] -- Up-to-date symlink: /home/robousr/ROS2Dev/Workspaces/Proyecto_Robot_1/example_ws/install/example_interfaces/include/example_interfaces/example_interfaces/msg/detail/example_msg__rosidl_typesupport_fastrtps_c.h
[1.184s] -- Up-to-date symlink: /home/robousr/ROS2Dev/Workspaces/Proyecto_Robot_1/example_ws/install/example_interfaces/include/example_interfaces/example_interfaces/msg/rosidl_typesupport_fastrtps_c__visibility_control.h
[1.184s] -- Up-to-date symlink: /home/robousr/ROS2Dev/Workspaces/Proyecto_Robot_1/example_ws/install/example_interfaces/include/example_interfaces/example_interfaces/msg/detail/example_msg__rosidl_typesupport_introspection_c.h
[1.185s] -- Up-to-date symlink: /home/robousr/ROS2Dev/Workspaces/Proyecto_Robot_1/example_ws/install/example_interfaces/include/example_interfaces/example_interfaces/msg/rosidl_typesupport_introspection_c__visibility_control.h
[1.185s] -- Up-to-date symlink: /home/robousr/ROS2Dev/Workspaces/Proyecto_Robot_1/example_ws/install/example_interfaces/include/example_interfaces/example_interfaces/msg/detail/example_msg__builder.hpp
[1.185s] -- Up-to-date symlink: /home/robousr/ROS2Dev/Workspaces/Proyecto_Robot_1/example_ws/install/example_interfaces/include/example_interfaces/example_interfaces/msg/detail/example_msg__struct.hpp
[1.185s] -- Up-to-date symlink: /home/robousr/ROS2Dev/Workspaces/Proyecto_Robot_1/example_ws/install/example_interfaces/include/example_interfaces/example_interfaces/msg/detail/example_msg__traits.hpp
[1.186s] -- Up-to-date symlink: /home/robousr/ROS2Dev/Workspaces/Proyecto_Robot_1/example_ws/install/example_interfaces/include/example_interfaces/example_interfaces/msg/detail/example_msg__type_support.hpp
[1.186s] -- Up-to-date symlink: /home/robousr/ROS2Dev/Workspaces/Proyecto_Robot_1/example_ws/install/example_interfaces/include/example_interfaces/example_interfaces/msg/example_msg.hpp
[1.186s] -- Up-to-date symlink: /home/robousr/ROS2Dev/Workspaces/Proyecto_Robot_1/example_ws/install/example_interfaces/include/example_interfaces/example_interfaces/msg/rosidl_generator_cpp__visibility_control.hpp
[1.186s] -- Up-to-date symlink: /home/robousr/ROS2Dev/Workspaces/Proyecto_Robot_1/example_ws/install/example_interfaces/include/example_interfaces/example_interfaces/msg/detail/example_msg__rosidl_typesupport_fastrtps_cpp.hpp
[1.187s] -- Up-to-date symlink: /home/robousr/ROS2Dev/Workspaces/Proyecto_Robot_1/example_ws/install/example_interfaces/include/example_interfaces/example_interfaces/msg/rosidl_typesupport_fastrtps_cpp__visibility_control.h
[1.187s] -- Up-to-date symlink: /home/robousr/ROS2Dev/Workspaces/Proyecto_Robot_1/example_ws/install/example_interfaces/include/example_interfaces/example_interfaces/msg/detail/example_msg__rosidl_typesupport_introspection_cpp.hpp
[1.187s] -- Up-to-date symlink: /home/robousr/ROS2Dev/Workspaces/Proyecto_Robot_1/example_ws/install/example_interfaces/share/example_interfaces/environment/pythonpath.sh
[1.187s] -- Up-to-date symlink: /home/robousr/ROS2Dev/Workspaces/Proyecto_Robot_1/example_ws/install/example_interfaces/share/example_interfaces/environment/pythonpath.dsv
[1.188s] -- Up-to-date symlink: /home/robousr/ROS2Dev/Workspaces/Proyecto_Robot_1/example_ws/install/example_interfaces/local/lib/python3.10/dist-packages/example_interfaces-0.0.0-py3.10.egg-info/PKG-INFO
[1.188s] -- Up-to-date symlink: /home/robousr/ROS2Dev/Workspaces/Proyecto_Robot_1/example_ws/install/example_interfaces/local/lib/python3.10/dist-packages/example_interfaces-0.0.0-py3.10.egg-info/SOURCES.txt
[1.189s] -- Up-to-date symlink: /home/robousr/ROS2Dev/Workspaces/Proyecto_Robot_1/example_ws/install/example_interfaces/local/lib/python3.10/dist-packages/example_interfaces-0.0.0-py3.10.egg-info/dependency_links.txt
[1.189s] -- Up-to-date symlink: /home/robousr/ROS2Dev/Workspaces/Proyecto_Robot_1/example_ws/install/example_interfaces/local/lib/python3.10/dist-packages/example_interfaces-0.0.0-py3.10.egg-info/top_level.txt
[1.190s] -- Up-to-date symlink: /home/robousr/ROS2Dev/Workspaces/Proyecto_Robot_1/example_ws/install/example_interfaces/local/lib/python3.10/dist-packages/example_interfaces/__init__.py
[1.190s] -- Up-to-date symlink: /home/robousr/ROS2Dev/Workspaces/Proyecto_Robot_1/example_ws/install/example_interfaces/local/lib/python3.10/dist-packages/example_interfaces/_example_interfaces_s.ep.rosidl_typesupport_c.c
[1.190s] -- Up-to-date symlink: /home/robousr/ROS2Dev/Workspaces/Proyecto_Robot_1/example_ws/install/example_interfaces/local/lib/python3.10/dist-packages/example_interfaces/_example_interfaces_s.ep.rosidl_typesupport_fastrtps_c.c
[1.190s] -- Up-to-date symlink: /home/robousr/ROS2Dev/Workspaces/Proyecto_Robot_1/example_ws/install/example_interfaces/local/lib/python3.10/dist-packages/example_interfaces/_example_interfaces_s.ep.rosidl_typesupport_introspection_c.c
[1.191s] -- Up-to-date symlink: /home/robousr/ROS2Dev/Workspaces/Proyecto_Robot_1/example_ws/install/example_interfaces/local/lib/python3.10/dist-packages/example_interfaces/example_interfaces_s__rosidl_typesupport_c.cpython-310-x86_64-linux-gnu.so
[1.191s] -- Up-to-date symlink: /home/robousr/ROS2Dev/Workspaces/Proyecto_Robot_1/example_ws/install/example_interfaces/local/lib/python3.10/dist-packages/example_interfaces/example_interfaces_s__rosidl_typesupport_fastrtps_c.cpython-310-x86_64-linux-gnu.so
[1.191s] -- Up-to-date symlink: /home/robousr/ROS2Dev/Workspaces/Proyecto_Robot_1/example_ws/install/example_interfaces/local/lib/python3.10/dist-packages/example_interfaces/example_interfaces_s__rosidl_typesupport_introspection_c.cpython-310-x86_64-linux-gnu.so
[1.191s] -- Up-to-date symlink: /home/robousr/ROS2Dev/Workspaces/Proyecto_Robot_1/example_ws/install/example_interfaces/local/lib/python3.10/dist-packages/example_interfaces/libexample_interfaces__rosidl_generator_py.so
[1.191s] -- Up-to-date symlink: /home/robousr/ROS2Dev/Workspaces/Proyecto_Robot_1/example_ws/install/example_interfaces/local/lib/python3.10/dist-packages/example_interfaces/msg/__init__.py
[1.191s] -- Up-to-date symlink: /home/robousr/ROS2Dev/Workspaces/Proyecto_Robot_1/example_ws/install/example_interfaces/local/lib/python3.10/dist-packages/example_interfaces/msg/_example_msg.py
[1.192s] -- Up-to-date symlink: /home/robousr/ROS2Dev/Workspaces/Proyecto_Robot_1/example_ws/install/example_interfaces/local/lib/python3.10/dist-packages/example_interfaces/msg/_example_msg_s.c
[1.192s] -- Up-to-date symlink: /home/robousr/ROS2Dev/Workspaces/Proyecto_Robot_1/example_ws/install/example_interfaces/local/lib/python3.10/dist-packages/example_interfaces/example_interfaces_s__rosidl_typesupport_fastrtps_c.cpython-310-x86_64-linux-gnu.so
[1.192s] -- Up-to-date symlink: /home/robousr/ROS2Dev/Workspaces/Proyecto_Robot_1/example_ws/install/example_interfaces/local/lib/python3.10/dist-packages/example_interfaces/example_interfaces_s__rosidl_typesupport_introspection_c.cpython-310-x86_64-linux-gnu.so
[1.193s] -- Up-to-date symlink: /home/robousr/ROS2Dev/Workspaces/Proyecto_Robot_1/example_ws/install/example_interfaces/local/lib/python3.10/dist-packages/example_interfaces/example_interfaces_s__rosidl_typesupport_c.cpython-310-x86_64-linux-gnu.so
[1.193s] -- Up-to-date symlink: /home/robousr/ROS2Dev/Workspaces/Proyecto_Robot_1/example_ws/install/example_interfaces/share/example_interfaces/msg/ExampleMsg.idl
[1.193s] -- Up-to-date symlink: /home/robousr/ROS2Dev/Workspaces/Proyecto_Robot_1/example_ws/install/example_interfaces/share/example_interfaces/msg/ExampleMsg.msg
[1.193s] -- Up-to-date symlink: /home/robousr/ROS2Dev/Workspaces/Proyecto_Robot_1/example_ws/install/example_interfaces/share/ament_index/resource_index/package_run_dependencies/example_interfaces
[1.193s] -- Up-to-date symlink: /home/robousr/ROS2Dev/Workspaces/Proyecto_Robot_1/example_ws/install/example_interfaces/share/ament_index/resource_index/parent_prefix_path/example_interfaces
[1.194s] -- Up-to-date symlink: /home/robousr/ROS2Dev/Workspaces/Proyecto_Robot_1/example_ws/install/example_interfaces/share/example_interfaces/environment/ament_prefix_path.sh
[1.194s] -- Up-to-date symlink: /home/robousr/ROS2Dev/Workspaces/Proyecto_Robot_1/example_ws/install/example_interfaces/share/example_interfaces/environment/ament_prefix_path.dsv
[1.194s] -- Up-to-date symlink: /home/robousr/ROS2Dev/Workspaces/Proyecto_Robot_1/example_ws/install/example_interfaces/share/example_interfaces/environment/path.sh
[1.194s] -- Up-to-date symlink: /home/robousr/ROS2Dev/Workspaces/Proyecto_Robot_1/example_ws/install/example_interfaces/share/example_interfaces/environment/path.dsv
[1.194s] -- Up-to-date symlink: /home/robousr/ROS2Dev/Workspaces/Proyecto_Robot_1/example_ws/install/example_interfaces/share/example_interfaces/local_setup.bash
[1.195s] -- Up-to-date symlink: /home/robousr/ROS2Dev/Workspaces/Proyecto_Robot_1/example_ws/install/example_interfaces/share/example_interfaces/local_setup.sh
[1.195s] -- Up-to-date symlink: /home/robousr/ROS2Dev/Workspaces/Proyecto_Robot_1/example_ws/install/example_interfaces/share/example_interfaces/local_setup.zsh
[1.195s] -- Up-to-date symlink: /home/robousr/ROS2Dev/Workspaces/Proyecto_Robot_1/example_ws/install/example_interfaces/share/example_interfaces/local_setup.dsv
[1.195s] -- Symlinking: /home/robousr/ROS2Dev/Workspaces/Proyecto_Robot_1/example_ws/install/example_interfaces/share/example_interfaces/package.dsv
[1.208s] -- Up-to-date symlink: /home/robousr/ROS2Dev/Workspaces/Proyecto_Robot_1/example_ws/install/example_interfaces/share/ament_index/resource_index/packages/example_interfaces
[1.208s] -- Up-to-date symlink: /home/robousr/ROS2Dev/Workspaces/Proyecto_Robot_1/example_ws/install/example_interfaces/share/example_interfaces/cmake/rosidl_cmake-extras.cmake
[1.209s] -- Up-to-date symlink: /home/robousr/ROS2Dev/Workspaces/Proyecto_Robot_1/example_ws/install/example_interfaces/share/example_interfaces/cmake/ament_cmake_export_dependencies-extras.cmake
[1.209s] -- Up-to-date symlink: /home/robousr/ROS2Dev/Workspaces/Proyecto_Robot_1/example_ws/install/example_interfaces/share/example_interfaces/cmake/ament_cmake_export_include_directories-extras.cmake
[1.209s] -- Up-to-date symlink: /home/robousr/ROS2Dev/Workspaces/Proyecto_Robot_1/example_ws/install/example_interfaces/share/example_interfaces/cmake/ament_cmake_export_libraries-extras.cmake
[1.209s] -- Up-to-date symlink: /home/robousr/ROS2Dev/Workspaces/Proyecto_Robot_1/example_ws/install/example_interfaces/share/example_interfaces/cmake/ament_cmake_export_targets-extras.cmake
[1.209s] -- Up-to-date symlink: /home/robousr/ROS2Dev/Workspaces/Proyecto_Robot_1/example_ws/install/example_interfaces/share/example_interfaces/cmake/rosidl_cmake_export_typesupport_targets-extras.cmake
[1.210s] -- Up-to-date symlink: /home/robousr/ROS2Dev/Workspaces/Proyecto_Robot_1/example_ws/install/example_interfaces/share/example_interfaces/cmake/rosidl_cmake_export_typesupport_libraries-extras.cmake
[1.210s] -- Up-to-date symlink: /home/robousr/ROS2Dev/Workspaces/Proyecto_Robot_1/example_ws/install/example_interfaces/share/example_interfaces/cmake/example_interfacesConfig.cmake
[1.210s] -- Up-to-date symlink: /home/robousr/ROS2Dev/Workspaces/Proyecto_Robot_1/example_ws/install/example_interfaces/share/example_interfaces/cmake/example_interfacesConfig-version.cmake
[1.210s] -- Up-to-date symlink: /home/robousr/ROS2Dev/Workspaces/Proyecto_Robot_1/example_ws/install/example_interfaces/share/example_interfaces/package.xml
[1.210s] -- Up-to-date: /home/robousr/ROS2Dev/Workspaces/Proyecto_Robot_1/example_ws/install/example_interfaces/lib/libexample_interfaces__rosidl_generator_c.so
[1.211s] -- Up-to-date: /home/robousr/ROS2Dev/Workspaces/Proyecto_Robot_1/example_ws/install/example_interfaces/lib/libexample_interfaces__rosidl_typesupport_fastrtps_c.so
[1.211s] -- Up-to-date: /home/robousr/ROS2Dev/Workspaces/Proyecto_Robot_1/example_ws/install/example_interfaces/lib/libexample_interfaces__rosidl_typesupport_introspection_c.so
[1.211s] -- Up-to-date: /home/robousr/ROS2Dev/Workspaces/Proyecto_Robot_1/example_ws/install/example_interfaces/lib/libexample_interfaces__rosidl_typesupport_c.so
[1.212s] -- Up-to-date: /home/robousr/ROS2Dev/Workspaces/Proyecto_Robot_1/example_ws/install/example_interfaces/lib/libexample_interfaces__rosidl_typesupport_fastrtps_cpp.so
[1.212s] -- Up-to-date: /home/robousr/ROS2Dev/Workspaces/Proyecto_Robot_1/example_ws/install/example_interfaces/lib/libexample_interfaces__rosidl_typesupport_introspection_cpp.so
[1.212s] -- Up-to-date: /home/robousr/ROS2Dev/Workspaces/Proyecto_Robot_1/example_ws/install/example_interfaces/lib/libexample_interfaces__rosidl_typesupport_cpp.so
[1.322s] Listing '/home/robousr/ROS2Dev/Workspaces/Proyecto_Robot_1/example_ws/install/example_interfaces/local/lib/python3.10/dist-packages/example_interfaces'...
[1.322s] Listing '/home/robousr/ROS2Dev/Workspaces/Proyecto_Robot_1/example_ws/install/example_interfaces/local/lib/python3.10/dist-packages/example_interfaces/msg'...
[1.328s] -- Up-to-date: /home/robousr/ROS2Dev/Workspaces/Proyecto_Robot_1/example_ws/install/example_interfaces/lib/libexample_interfaces__rosidl_generator_py.so
[1.329s] -- Up-to-date: /home/robousr/ROS2Dev/Workspaces/Proyecto_Robot_1/example_ws/install/example_interfaces/share/example_interfaces/cmake/export_example_interfaces__rosidl_generator_cExport.cmake
[1.329s] -- Up-to-date: /home/robousr/ROS2Dev/Workspaces/Proyecto_Robot_1/example_ws/install/example_interfaces/share/example_interfaces/cmake/export_example_interfaces__rosidl_generator_cExport-noconfig.cmake
[1.331s] -- Up-to-date: /home/robousr/ROS2Dev/Workspaces/Proyecto_Robot_1/example_ws/install/example_interfaces/share/example_interfaces/cmake/export_example_interfaces__rosidl_typesupport_fastrtps_cExport.cmake
[1.331s] -- Up-to-date: /home/robousr/ROS2Dev/Workspaces/Proyecto_Robot_1/example_ws/install/example_interfaces/share/example_interfaces/cmake/export_example_interfaces__rosidl_typesupport_fastrtps_cExport-noconfig.cmake
[1.331s] -- Up-to-date: /home/robousr/ROS2Dev/Workspaces/Proyecto_Robot_1/example_ws/install/example_interfaces/share/example_interfaces/cmake/example_interfaces__rosidl_typesupport_introspection_cExport.cmake
[1.331s] -- Up-to-date: /home/robousr/ROS2Dev/Workspaces/Proyecto_Robot_1/example_ws/install/example_interfaces/share/example_interfaces/cmake/example_interfaces__rosidl_typesupport_introspection_cExport-noconfig.cmake
[1.331s] -- Up-to-date: /home/robousr/ROS2Dev/Workspaces/Proyecto_Robot_1/example_ws/install/example_interfaces/share/example_interfaces/cmake/example_interfaces__rosidl_typesupport_cExport.cmake
[1.331s] -- Up-to-date: /home/robousr/ROS2Dev/Workspaces/Proyecto_Robot_1/example_ws/install/example_interfaces/share/example_interfaces/cmake/example_interfaces__rosidl_typesupport_cExport-noconfig.cmake
[1.331s] -- Up-to-date: /home/robousr/ROS2Dev/Workspaces/Proyecto_Robot_1/example_ws/install/example_interfaces/share/example_interfaces/cmake/export_example_interfaces__rosidl_generator_cppExport.cmake
[1.331s] -- Up-to-date: /home/robousr/ROS2Dev/Workspaces/Proyecto_Robot_1/example_ws/install/example_interfaces/share/example_interfaces/cmake/export_example_interfaces__rosidl_typesupport_fastrtps_cppExport.cmake
[1.331s] -- Up-to-date: /home/robousr/ROS2Dev/Workspaces/Proyecto_Robot_1/example_ws/install/example_interfaces/share/example_interfaces/cmake/export_example_interfaces__rosidl_typesupport_fastrtps_cppExport-noconfig.cmake
[1.332s] -- Up-to-date: /home/robousr/ROS2Dev/Workspaces/Proyecto_Robot_1/example_ws/install/example_interfaces/share/example_interfaces/cmake/example_interfaces__rosidl_typesupport_introspection_cppExport.cmake
[1.332s] -- Up-to-date: /home/robousr/ROS2Dev/Workspaces/Proyecto_Robot_1/example_ws/install/example_interfaces/share/example_interfaces/cmake/example_interfaces__rosidl_typesupport_introspection_cppExport-noconfig.cmake
[1.332s] -- Up-to-date: /home/robousr/ROS2Dev/Workspaces/Proyecto_Robot_1/example_ws/install/example_interfaces/share/example_interfaces/cmake/example_interfaces__rosidl_typesupport_cppExport.cmake
[1.333s] -- Up-to-date: /home/robousr/ROS2Dev/Workspaces/Proyecto_Robot_1/example_ws/install/example_interfaces/share/example_interfaces/cmake/example_interfaces__rosidl_typesupport_cppExport-noconfig.cmake
[1.333s] -- Up-to-date: /home/robousr/ROS2Dev/Workspaces/Proyecto_Robot_1/example_ws/install/example_interfaces/share/example_interfaces/cmake/export_example_interfaces__rosidl_generator_pyExport.cmake
[1.333s] -- Up-to-date: /home/robousr/ROS2Dev/Workspaces/Proyecto_Robot_1/example_ws/install/example_interfaces/share/example_interfaces/cmake/export_example_interfaces__rosidl_generator_pyExport-noconfig.cmake
[1.336s] Invoked command in '/home/robousr/ROS2Dev/Workspaces/Proyecto_Robot_1/example_ws/build/example_interfaces' returned '0': CMAKE_PREFIX_PATH=${CMAKE_PREFIX_PATH}:/home/robousr/ROS2Dev/Workspaces/Proyecto_Robot_1/example_ws/install/example_pkg:/home/robousr/ROS2Dev/Workspaces/Proyecto_Robot_1/example_ws/install/example_description:/home/robousr/ROS2Dev/Workspaces/Proyecto_Robot_1/example_ws/install/example_decription:/home/robousr/ROS2Dev/Workspaces/Proyecto_Robot_1/example_ws/install/example_control:/home/robousr/ROS2Dev/Workspaces/Proyecto_Robot_1/example_ws/install/example_bringup:/opt/ros/humble /usr/bin/cmake --install /home/robousr/ROS2Dev/Workspaces/Proyecto_Robot_1/example_ws/build/example_interfaces
