running develop
running egg_info
creating example_decription.egg-info
writing example_decription.egg-info/PKG-INFO
writing dependency_links to example_decription.egg-info/dependency_links.txt
writing entry points to example_decription.egg-info/entry_points.txt
writing requirements to example_decription.egg-info/requires.txt
writing top-level names to example_decription.egg-info/top_level.txt
writing manifest file 'example_decription.egg-info/SOURCES.txt'
reading manifest file 'example_decription.egg-info/SOURCES.txt'
writing manifest file 'example_decription.egg-info/SOURCES.txt'
running build_ext
Creating /home/robousr/ROS2Dev/Workspaces/Proyecto_Robot_1/example_ws/install/example_decription/lib/python3.10/site-packages/example-decription.egg-link (link to .)

Installed /home/robousr/ROS2Dev/Workspaces/Proyecto_Robot_1/example_ws/build/example_decription
running symlink_data
creating /home/robousr/ROS2Dev/Workspaces/Proyecto_Robot_1/example_ws/install/example_decription/share/ament_index
creating /home/robousr/ROS2Dev/Workspaces/Proyecto_Robot_1/example_ws/install/example_decription/share/ament_index/resource_index
creating /home/robousr/ROS2Dev/Workspaces/Proyecto_Robot_1/example_ws/install/example_decription/share/ament_index/resource_index/packages
symbolically linking /home/robousr/ROS2Dev/Workspaces/Proyecto_Robot_1/example_ws/build/example_decription/resource/example_decription -> /home/robousr/ROS2Dev/Workspaces/Proyecto_Robot_1/example_ws/install/example_decription/share/ament_index/resource_index/packages
symbolically linking /home/robousr/ROS2Dev/Workspaces/Proyecto_Robot_1/example_ws/build/example_decription/package.xml -> /home/robousr/ROS2Dev/Workspaces/Proyecto_Robot_1/example_ws/install/example_decription/share/example_decription
