[1.866s] Invoking command in '/home/robousr/ROS2Dev/Workspaces/Proyecto_Robot_2/example_ws/build/example_bringup': PYTHONPATH=/home/robousr/ROS2Dev/Workspaces/Proyecto_Robot_2/example_ws/build/example_bringup/prefix_override:/usr/lib/python3/dist-packages/colcon_core/task/python/colcon_distutils_commands:/home/robousr/ROS2Dev/Workspaces/Proyecto_Robot_2/example_ws/install/example_bringup/lib/python3.10/site-packages:${PYTHONPATH} /usr/bin/python3 -W ignore:setup.py install is deprecated -W ignore:easy_install command is deprecated setup.py develop --editable --build-directory /home/robousr/ROS2Dev/Workspaces/Proyecto_Robot_2/example_ws/build/example_bringup/build --no-deps symlink_data
[2.261s] running develop
[2.524s] running egg_info
[2.524s] creating example_bringup.egg-info
[2.524s] writing example_bringup.egg-info/PKG-INFO
[2.524s] writing dependency_links to example_bringup.egg-info/dependency_links.txt
[2.524s] writing entry points to example_bringup.egg-info/entry_points.txt
[2.524s] writing requirements to example_bringup.egg-info/requires.txt
[2.524s] writing top-level names to example_bringup.egg-info/top_level.txt
[2.524s] writing manifest file 'example_bringup.egg-info/SOURCES.txt'
[2.526s] reading manifest file 'example_bringup.egg-info/SOURCES.txt'
[2.527s] writing manifest file 'example_bringup.egg-info/SOURCES.txt'
[2.529s] running build_ext
[2.530s] Creating /home/robousr/ROS2Dev/Workspaces/Proyecto_Robot_2/example_ws/install/example_bringup/lib/python3.10/site-packages/example-bringup.egg-link (link to .)
[2.531s] 
[2.531s] Installed /home/robousr/ROS2Dev/Workspaces/Proyecto_Robot_2/example_ws/build/example_bringup
[2.531s] running symlink_data
[2.531s] creating /home/robousr/ROS2Dev/Workspaces/Proyecto_Robot_2/example_ws/install/example_bringup/share/ament_index
[2.531s] creating /home/robousr/ROS2Dev/Workspaces/Proyecto_Robot_2/example_ws/install/example_bringup/share/ament_index/resource_index
[2.532s] creating /home/robousr/ROS2Dev/Workspaces/Proyecto_Robot_2/example_ws/install/example_bringup/share/ament_index/resource_index/packages
[2.532s] symbolically linking /home/robousr/ROS2Dev/Workspaces/Proyecto_Robot_2/example_ws/build/example_bringup/resource/example_bringup -> /home/robousr/ROS2Dev/Workspaces/Proyecto_Robot_2/example_ws/install/example_bringup/share/ament_index/resource_index/packages
[2.532s] symbolically linking /home/robousr/ROS2Dev/Workspaces/Proyecto_Robot_2/example_ws/build/example_bringup/package.xml -> /home/robousr/ROS2Dev/Workspaces/Proyecto_Robot_2/example_ws/install/example_bringup/share/example_bringup
[2.532s] creating /home/robousr/ROS2Dev/Workspaces/Proyecto_Robot_2/example_ws/install/example_bringup/share/example_bringup/launch
[2.533s] symbolically linking /home/robousr/ROS2Dev/Workspaces/Proyecto_Robot_2/example_ws/build/example_bringup/launch/rviz_bringup.launch.py -> /home/robousr/ROS2Dev/Workspaces/Proyecto_Robot_2/example_ws/install/example_bringup/share/example_bringup/launch
[2.533s] symbolically linking /home/robousr/ROS2Dev/Workspaces/Proyecto_Robot_2/example_ws/build/example_bringup/launch/controller.launch.py -> /home/robousr/ROS2Dev/Workspaces/Proyecto_Robot_2/example_ws/install/example_bringup/share/example_bringup/launch
[2.622s] Invoked command in '/home/robousr/ROS2Dev/Workspaces/Proyecto_Robot_2/example_ws/build/example_bringup' returned '0': PYTHONPATH=/home/robousr/ROS2Dev/Workspaces/Proyecto_Robot_2/example_ws/build/example_bringup/prefix_override:/usr/lib/python3/dist-packages/colcon_core/task/python/colcon_distutils_commands:/home/robousr/ROS2Dev/Workspaces/Proyecto_Robot_2/example_ws/install/example_bringup/lib/python3.10/site-packages:${PYTHONPATH} /usr/bin/python3 -W ignore:setup.py install is deprecated -W ignore:easy_install command is deprecated setup.py develop --editable --build-directory /home/robousr/ROS2Dev/Workspaces/Proyecto_Robot_2/example_ws/build/example_bringup/build --no-deps symlink_data
