[0.024s] Invoking command in '/home/robousr/ROS2Dev/Workspaces/Proyecto_Robot_2/example_ws/build/example_interfaces': CMAKE_PREFIX_PATH=${CMAKE_PREFIX_PATH}:/home/robousr/ROS2Dev/Workspaces/Proyecto_Robot_2/example_ws/install/example_pkg:/home/robousr/ROS2Dev/Workspaces/Proyecto_Robot_2/example_ws/install/example_description:/home/robousr/ROS2Dev/Workspaces/Proyecto_Robot_2/example_ws/install/example_decription:/home/robousr/ROS2Dev/Workspaces/Proyecto_Robot_2/example_ws/install/example_control:/home/robousr/ROS2Dev/Workspaces/Proyecto_Robot_2/example_ws/install/example_bringup:/opt/ros/humble /usr/bin/cmake --build /home/robousr/ROS2Dev/Workspaces/Proyecto_Robot_2/example_ws/build/example_interfaces -- -j4 -l4
[0.114s] [  9%] Built target example_interfaces__rosidl_generator_c
[0.121s] [ 12%] Built target example_interfaces__cpp
[0.129s] [ 12%] Built target ament_cmake_python_symlink_example_interfaces
[0.153s] [ 22%] Built target example_interfaces__rosidl_typesupport_fastrtps_c
[0.163s] [ 32%] Built target example_interfaces__rosidl_typesupport_introspection_c
[0.165s] [ 41%] Built target example_interfaces__rosidl_typesupport_c
[0.173s] [ 51%] Built target example_interfaces__rosidl_typesupport_fastrtps_cpp
[0.189s] [ 61%] Built target example_interfaces__rosidl_typesupport_introspection_cpp
[0.207s] [ 70%] Built target example_interfaces__rosidl_typesupport_cpp
[0.232s] [ 70%] Built target example_interfaces
[0.255s] [ 74%] Built target example_interfaces__py
[0.277s] [ 80%] Built target example_interfaces__rosidl_generator_py
[0.308s] [ 87%] Built target example_interfaces__rosidl_typesupport_fastrtps_c__pyext
[0.312s] [ 93%] Built target example_interfaces__rosidl_typesupport_c__pyext
[0.322s] [100%] Built target example_interfaces__rosidl_typesupport_introspection_c__pyext
[0.602s] running egg_info
[0.602s] writing example_interfaces.egg-info/PKG-INFO
[0.602s] writing dependency_links to example_interfaces.egg-info/dependency_links.txt
[0.602s] writing top-level names to example_interfaces.egg-info/top_level.txt
[0.604s] reading manifest file 'example_interfaces.egg-info/SOURCES.txt'
[0.605s] writing manifest file 'example_interfaces.egg-info/SOURCES.txt'
[0.652s] [100%] Built target ament_cmake_python_build_example_interfaces_egg
[0.673s] Invoked command in '/home/robousr/ROS2Dev/Workspaces/Proyecto_Robot_2/example_ws/build/example_interfaces' returned '0': CMAKE_PREFIX_PATH=${CMAKE_PREFIX_PATH}:/home/robousr/ROS2Dev/Workspaces/Proyecto_Robot_2/example_ws/install/example_pkg:/home/robousr/ROS2Dev/Workspaces/Proyecto_Robot_2/example_ws/install/example_description:/home/robousr/ROS2Dev/Workspaces/Proyecto_Robot_2/example_ws/install/example_decription:/home/robousr/ROS2Dev/Workspaces/Proyecto_Robot_2/example_ws/install/example_control:/home/robousr/ROS2Dev/Workspaces/Proyecto_Robot_2/example_ws/install/example_bringup:/opt/ros/humble /usr/bin/cmake --build /home/robousr/ROS2Dev/Workspaces/Proyecto_Robot_2/example_ws/build/example_interfaces -- -j4 -l4
[0.697s] Invoking command in '/home/robousr/ROS2Dev/Workspaces/Proyecto_Robot_2/example_ws/build/example_interfaces': CMAKE_PREFIX_PATH=${CMAKE_PREFIX_PATH}:/home/robousr/ROS2Dev/Workspaces/Proyecto_Robot_2/example_ws/install/example_pkg:/home/robousr/ROS2Dev/Workspaces/Proyecto_Robot_2/example_ws/install/example_description:/home/robousr/ROS2Dev/Workspaces/Proyecto_Robot_2/example_ws/install/example_decription:/home/robousr/ROS2Dev/Workspaces/Proyecto_Robot_2/example_ws/install/example_control:/home/robousr/ROS2Dev/Workspaces/Proyecto_Robot_2/example_ws/install/example_bringup:/opt/ros/humble /usr/bin/cmake --install /home/robousr/ROS2Dev/Workspaces/Proyecto_Robot_2/example_ws/build/example_interfaces
[0.703s] -- Install configuration: ""
[0.705s] -- Execute custom install script
[0.706s] -- Up-to-date symlink: /home/robousr/ROS2Dev/Workspaces/Proyecto_Robot_2/example_ws/install/example_interfaces/share/ament_index/resource_index/rosidl_interfaces/example_interfaces
[0.707s] -- Up-to-date symlink: /home/robousr/ROS2Dev/Workspaces/Proyecto_Robot_2/example_ws/install/example_interfaces/include/example_interfaces/example_interfaces/msg/detail/example_msg__functions.h
[0.708s] -- Up-to-date symlink: /home/robousr/ROS2Dev/Workspaces/Proyecto_Robot_2/example_ws/install/example_interfaces/include/example_interfaces/example_interfaces/msg/detail/example_msg__struct.h
[0.709s] -- Up-to-date symlink: /home/robousr/ROS2Dev/Workspaces/Proyecto_Robot_2/example_ws/install/example_interfaces/include/example_interfaces/example_interfaces/msg/detail/example_msg__type_support.h
[0.710s] -- Up-to-date symlink: /home/robousr/ROS2Dev/Workspaces/Proyecto_Robot_2/example_ws/install/example_interfaces/include/example_interfaces/example_interfaces/msg/example_msg.h
[0.710s] -- Up-to-date symlink: /home/robousr/ROS2Dev/Workspaces/Proyecto_Robot_2/example_ws/install/example_interfaces/include/example_interfaces/example_interfaces/msg/rosidl_generator_c__visibility_control.h
[0.711s] -- Up-to-date symlink: /home/robousr/ROS2Dev/Workspaces/Proyecto_Robot_2/example_ws/install/example_interfaces/share/example_interfaces/environment/library_path.sh
[0.714s] -- Up-to-date symlink: /home/robousr/ROS2Dev/Workspaces/Proyecto_Robot_2/example_ws/install/example_interfaces/share/example_interfaces/environment/library_path.dsv
[0.715s] -- Up-to-date symlink: /home/robousr/ROS2Dev/Workspaces/Proyecto_Robot_2/example_ws/install/example_interfaces/include/example_interfaces/example_interfaces/msg/detail/example_msg__rosidl_typesupport_fastrtps_c.h
[0.715s] -- Up-to-date symlink: /home/robousr/ROS2Dev/Workspaces/Proyecto_Robot_2/example_ws/install/example_interfaces/include/example_interfaces/example_interfaces/msg/rosidl_typesupport_fastrtps_c__visibility_control.h
[0.718s] -- Up-to-date symlink: /home/robousr/ROS2Dev/Workspaces/Proyecto_Robot_2/example_ws/install/example_interfaces/include/example_interfaces/example_interfaces/msg/detail/example_msg__rosidl_typesupport_introspection_c.h
[0.734s] -- Up-to-date symlink: /home/robousr/ROS2Dev/Workspaces/Proyecto_Robot_2/example_ws/install/example_interfaces/include/example_interfaces/example_interfaces/msg/rosidl_typesupport_introspection_c__visibility_control.h
[0.734s] -- Up-to-date symlink: /home/robousr/ROS2Dev/Workspaces/Proyecto_Robot_2/example_ws/install/example_interfaces/include/example_interfaces/example_interfaces/msg/detail/example_msg__builder.hpp
[0.734s] -- Up-to-date symlink: /home/robousr/ROS2Dev/Workspaces/Proyecto_Robot_2/example_ws/install/example_interfaces/include/example_interfaces/example_interfaces/msg/detail/example_msg__struct.hpp
[0.735s] -- Up-to-date symlink: /home/robousr/ROS2Dev/Workspaces/Proyecto_Robot_2/example_ws/install/example_interfaces/include/example_interfaces/example_interfaces/msg/detail/example_msg__traits.hpp
[0.736s] -- Up-to-date symlink: /home/robousr/ROS2Dev/Workspaces/Proyecto_Robot_2/example_ws/install/example_interfaces/include/example_interfaces/example_interfaces/msg/detail/example_msg__type_support.hpp
[0.736s] -- Up-to-date symlink: /home/robousr/ROS2Dev/Workspaces/Proyecto_Robot_2/example_ws/install/example_interfaces/include/example_interfaces/example_interfaces/msg/example_msg.hpp
[0.736s] -- Up-to-date symlink: /home/robousr/ROS2Dev/Workspaces/Proyecto_Robot_2/example_ws/install/example_interfaces/include/example_interfaces/example_interfaces/msg/rosidl_generator_cpp__visibility_control.hpp
[0.736s] -- Up-to-date symlink: /home/robousr/ROS2Dev/Workspaces/Proyecto_Robot_2/example_ws/install/example_interfaces/include/example_interfaces/example_interfaces/msg/detail/example_msg__rosidl_typesupport_fastrtps_cpp.hpp
[0.736s] -- Up-to-date symlink: /home/robousr/ROS2Dev/Workspaces/Proyecto_Robot_2/example_ws/install/example_interfaces/include/example_interfaces/example_interfaces/msg/rosidl_typesupport_fastrtps_cpp__visibility_control.h
[0.737s] -- Up-to-date symlink: /home/robousr/ROS2Dev/Workspaces/Proyecto_Robot_2/example_ws/install/example_interfaces/include/example_interfaces/example_interfaces/msg/detail/example_msg__rosidl_typesupport_introspection_cpp.hpp
[0.737s] -- Up-to-date symlink: /home/robousr/ROS2Dev/Workspaces/Proyecto_Robot_2/example_ws/install/example_interfaces/share/example_interfaces/environment/pythonpath.sh
[0.737s] -- Up-to-date symlink: /home/robousr/ROS2Dev/Workspaces/Proyecto_Robot_2/example_ws/install/example_interfaces/share/example_interfaces/environment/pythonpath.dsv
[0.737s] -- Up-to-date symlink: /home/robousr/ROS2Dev/Workspaces/Proyecto_Robot_2/example_ws/install/example_interfaces/local/lib/python3.10/dist-packages/example_interfaces-0.0.0-py3.10.egg-info/PKG-INFO
[0.737s] -- Up-to-date symlink: /home/robousr/ROS2Dev/Workspaces/Proyecto_Robot_2/example_ws/install/example_interfaces/local/lib/python3.10/dist-packages/example_interfaces-0.0.0-py3.10.egg-info/SOURCES.txt
[0.737s] -- Up-to-date symlink: /home/robousr/ROS2Dev/Workspaces/Proyecto_Robot_2/example_ws/install/example_interfaces/local/lib/python3.10/dist-packages/example_interfaces-0.0.0-py3.10.egg-info/dependency_links.txt
[0.737s] -- Up-to-date symlink: /home/robousr/ROS2Dev/Workspaces/Proyecto_Robot_2/example_ws/install/example_interfaces/local/lib/python3.10/dist-packages/example_interfaces-0.0.0-py3.10.egg-info/top_level.txt
[0.737s] -- Up-to-date symlink: /home/robousr/ROS2Dev/Workspaces/Proyecto_Robot_2/example_ws/install/example_interfaces/local/lib/python3.10/dist-packages/example_interfaces/__init__.py
[0.738s] -- Up-to-date symlink: /home/robousr/ROS2Dev/Workspaces/Proyecto_Robot_2/example_ws/install/example_interfaces/local/lib/python3.10/dist-packages/example_interfaces/_example_interfaces_s.ep.rosidl_typesupport_c.c
[0.738s] -- Up-to-date symlink: /home/robousr/ROS2Dev/Workspaces/Proyecto_Robot_2/example_ws/install/example_interfaces/local/lib/python3.10/dist-packages/example_interfaces/_example_interfaces_s.ep.rosidl_typesupport_fastrtps_c.c
[0.738s] -- Up-to-date symlink: /home/robousr/ROS2Dev/Workspaces/Proyecto_Robot_2/example_ws/install/example_interfaces/local/lib/python3.10/dist-packages/example_interfaces/_example_interfaces_s.ep.rosidl_typesupport_introspection_c.c
[0.738s] -- Up-to-date symlink: /home/robousr/ROS2Dev/Workspaces/Proyecto_Robot_2/example_ws/install/example_interfaces/local/lib/python3.10/dist-packages/example_interfaces/example_interfaces_s__rosidl_typesupport_c.cpython-310-x86_64-linux-gnu.so
[0.738s] -- Up-to-date symlink: /home/robousr/ROS2Dev/Workspaces/Proyecto_Robot_2/example_ws/install/example_interfaces/local/lib/python3.10/dist-packages/example_interfaces/example_interfaces_s__rosidl_typesupport_fastrtps_c.cpython-310-x86_64-linux-gnu.so
[0.738s] -- Up-to-date symlink: /home/robousr/ROS2Dev/Workspaces/Proyecto_Robot_2/example_ws/install/example_interfaces/local/lib/python3.10/dist-packages/example_interfaces/example_interfaces_s__rosidl_typesupport_introspection_c.cpython-310-x86_64-linux-gnu.so
[0.738s] -- Up-to-date symlink: /home/robousr/ROS2Dev/Workspaces/Proyecto_Robot_2/example_ws/install/example_interfaces/local/lib/python3.10/dist-packages/example_interfaces/libexample_interfaces__rosidl_generator_py.so
[0.739s] -- Up-to-date symlink: /home/robousr/ROS2Dev/Workspaces/Proyecto_Robot_2/example_ws/install/example_interfaces/local/lib/python3.10/dist-packages/example_interfaces/msg/__init__.py
[0.739s] -- Up-to-date symlink: /home/robousr/ROS2Dev/Workspaces/Proyecto_Robot_2/example_ws/install/example_interfaces/local/lib/python3.10/dist-packages/example_interfaces/msg/_example_msg.py
[0.739s] -- Up-to-date symlink: /home/robousr/ROS2Dev/Workspaces/Proyecto_Robot_2/example_ws/install/example_interfaces/local/lib/python3.10/dist-packages/example_interfaces/msg/_example_msg_s.c
[0.739s] -- Up-to-date symlink: /home/robousr/ROS2Dev/Workspaces/Proyecto_Robot_2/example_ws/install/example_interfaces/local/lib/python3.10/dist-packages/example_interfaces/example_interfaces_s__rosidl_typesupport_fastrtps_c.cpython-310-x86_64-linux-gnu.so
[0.739s] -- Up-to-date symlink: /home/robousr/ROS2Dev/Workspaces/Proyecto_Robot_2/example_ws/install/example_interfaces/local/lib/python3.10/dist-packages/example_interfaces/example_interfaces_s__rosidl_typesupport_introspection_c.cpython-310-x86_64-linux-gnu.so
[0.739s] -- Up-to-date symlink: /home/robousr/ROS2Dev/Workspaces/Proyecto_Robot_2/example_ws/install/example_interfaces/local/lib/python3.10/dist-packages/example_interfaces/example_interfaces_s__rosidl_typesupport_c.cpython-310-x86_64-linux-gnu.so
[0.739s] -- Up-to-date symlink: /home/robousr/ROS2Dev/Workspaces/Proyecto_Robot_2/example_ws/install/example_interfaces/share/example_interfaces/msg/ExampleMsg.idl
[0.740s] -- Up-to-date symlink: /home/robousr/ROS2Dev/Workspaces/Proyecto_Robot_2/example_ws/install/example_interfaces/share/example_interfaces/msg/ExampleMsg.msg
[0.740s] -- Up-to-date symlink: /home/robousr/ROS2Dev/Workspaces/Proyecto_Robot_2/example_ws/install/example_interfaces/share/ament_index/resource_index/package_run_dependencies/example_interfaces
[0.740s] -- Up-to-date symlink: /home/robousr/ROS2Dev/Workspaces/Proyecto_Robot_2/example_ws/install/example_interfaces/share/ament_index/resource_index/parent_prefix_path/example_interfaces
[0.740s] -- Up-to-date symlink: /home/robousr/ROS2Dev/Workspaces/Proyecto_Robot_2/example_ws/install/example_interfaces/share/example_interfaces/environment/ament_prefix_path.sh
[0.740s] -- Up-to-date symlink: /home/robousr/ROS2Dev/Workspaces/Proyecto_Robot_2/example_ws/install/example_interfaces/share/example_interfaces/environment/ament_prefix_path.dsv
[0.740s] -- Up-to-date symlink: /home/robousr/ROS2Dev/Workspaces/Proyecto_Robot_2/example_ws/install/example_interfaces/share/example_interfaces/environment/path.sh
[0.740s] -- Up-to-date symlink: /home/robousr/ROS2Dev/Workspaces/Proyecto_Robot_2/example_ws/install/example_interfaces/share/example_interfaces/environment/path.dsv
[0.740s] -- Up-to-date symlink: /home/robousr/ROS2Dev/Workspaces/Proyecto_Robot_2/example_ws/install/example_interfaces/share/example_interfaces/local_setup.bash
[0.740s] -- Up-to-date symlink: /home/robousr/ROS2Dev/Workspaces/Proyecto_Robot_2/example_ws/install/example_interfaces/share/example_interfaces/local_setup.sh
[0.740s] -- Up-to-date symlink: /home/robousr/ROS2Dev/Workspaces/Proyecto_Robot_2/example_ws/install/example_interfaces/share/example_interfaces/local_setup.zsh
[0.740s] -- Up-to-date symlink: /home/robousr/ROS2Dev/Workspaces/Proyecto_Robot_2/example_ws/install/example_interfaces/share/example_interfaces/local_setup.dsv
[0.740s] -- Symlinking: /home/robousr/ROS2Dev/Workspaces/Proyecto_Robot_2/example_ws/install/example_interfaces/share/example_interfaces/package.dsv
[0.751s] -- Up-to-date symlink: /home/robousr/ROS2Dev/Workspaces/Proyecto_Robot_2/example_ws/install/example_interfaces/share/ament_index/resource_index/packages/example_interfaces
[0.751s] -- Up-to-date symlink: /home/robousr/ROS2Dev/Workspaces/Proyecto_Robot_2/example_ws/install/example_interfaces/share/example_interfaces/cmake/rosidl_cmake-extras.cmake
[0.752s] -- Up-to-date symlink: /home/robousr/ROS2Dev/Workspaces/Proyecto_Robot_2/example_ws/install/example_interfaces/share/example_interfaces/cmake/ament_cmake_export_dependencies-extras.cmake
[0.752s] -- Up-to-date symlink: /home/robousr/ROS2Dev/Workspaces/Proyecto_Robot_2/example_ws/install/example_interfaces/share/example_interfaces/cmake/ament_cmake_export_include_directories-extras.cmake
[0.752s] -- Up-to-date symlink: /home/robousr/ROS2Dev/Workspaces/Proyecto_Robot_2/example_ws/install/example_interfaces/share/example_interfaces/cmake/ament_cmake_export_libraries-extras.cmake
[0.752s] -- Up-to-date symlink: /home/robousr/ROS2Dev/Workspaces/Proyecto_Robot_2/example_ws/install/example_interfaces/share/example_interfaces/cmake/ament_cmake_export_targets-extras.cmake
[0.752s] -- Up-to-date symlink: /home/robousr/ROS2Dev/Workspaces/Proyecto_Robot_2/example_ws/install/example_interfaces/share/example_interfaces/cmake/rosidl_cmake_export_typesupport_targets-extras.cmake
[0.753s] -- Up-to-date symlink: /home/robousr/ROS2Dev/Workspaces/Proyecto_Robot_2/example_ws/install/example_interfaces/share/example_interfaces/cmake/rosidl_cmake_export_typesupport_libraries-extras.cmake
[0.753s] -- Up-to-date symlink: /home/robousr/ROS2Dev/Workspaces/Proyecto_Robot_2/example_ws/install/example_interfaces/share/example_interfaces/cmake/example_interfacesConfig.cmake
[0.753s] -- Up-to-date symlink: /home/robousr/ROS2Dev/Workspaces/Proyecto_Robot_2/example_ws/install/example_interfaces/share/example_interfaces/cmake/example_interfacesConfig-version.cmake
[0.753s] -- Up-to-date symlink: /home/robousr/ROS2Dev/Workspaces/Proyecto_Robot_2/example_ws/install/example_interfaces/share/example_interfaces/package.xml
[0.753s] -- Up-to-date: /home/robousr/ROS2Dev/Workspaces/Proyecto_Robot_2/example_ws/install/example_interfaces/lib/libexample_interfaces__rosidl_generator_c.so
[0.754s] -- Up-to-date: /home/robousr/ROS2Dev/Workspaces/Proyecto_Robot_2/example_ws/install/example_interfaces/lib/libexample_interfaces__rosidl_typesupport_fastrtps_c.so
[0.754s] -- Up-to-date: /home/robousr/ROS2Dev/Workspaces/Proyecto_Robot_2/example_ws/install/example_interfaces/lib/libexample_interfaces__rosidl_typesupport_introspection_c.so
[0.754s] -- Up-to-date: /home/robousr/ROS2Dev/Workspaces/Proyecto_Robot_2/example_ws/install/example_interfaces/lib/libexample_interfaces__rosidl_typesupport_c.so
[0.755s] -- Up-to-date: /home/robousr/ROS2Dev/Workspaces/Proyecto_Robot_2/example_ws/install/example_interfaces/lib/libexample_interfaces__rosidl_typesupport_fastrtps_cpp.so
[0.755s] -- Up-to-date: /home/robousr/ROS2Dev/Workspaces/Proyecto_Robot_2/example_ws/install/example_interfaces/lib/libexample_interfaces__rosidl_typesupport_introspection_cpp.so
[0.756s] -- Up-to-date: /home/robousr/ROS2Dev/Workspaces/Proyecto_Robot_2/example_ws/install/example_interfaces/lib/libexample_interfaces__rosidl_typesupport_cpp.so
[0.864s] Listing '/home/robousr/ROS2Dev/Workspaces/Proyecto_Robot_2/example_ws/install/example_interfaces/local/lib/python3.10/dist-packages/example_interfaces'...
[0.865s] Listing '/home/robousr/ROS2Dev/Workspaces/Proyecto_Robot_2/example_ws/install/example_interfaces/local/lib/python3.10/dist-packages/example_interfaces/msg'...
[0.870s] -- Up-to-date: /home/robousr/ROS2Dev/Workspaces/Proyecto_Robot_2/example_ws/install/example_interfaces/lib/libexample_interfaces__rosidl_generator_py.so
[0.870s] -- Up-to-date: /home/robousr/ROS2Dev/Workspaces/Proyecto_Robot_2/example_ws/install/example_interfaces/share/example_interfaces/cmake/export_example_interfaces__rosidl_generator_cExport.cmake
[0.870s] -- Up-to-date: /home/robousr/ROS2Dev/Workspaces/Proyecto_Robot_2/example_ws/install/example_interfaces/share/example_interfaces/cmake/export_example_interfaces__rosidl_generator_cExport-noconfig.cmake
[0.870s] -- Up-to-date: /home/robousr/ROS2Dev/Workspaces/Proyecto_Robot_2/example_ws/install/example_interfaces/share/example_interfaces/cmake/export_example_interfaces__rosidl_typesupport_fastrtps_cExport.cmake
[0.871s] -- Up-to-date: /home/robousr/ROS2Dev/Workspaces/Proyecto_Robot_2/example_ws/install/example_interfaces/share/example_interfaces/cmake/export_example_interfaces__rosidl_typesupport_fastrtps_cExport-noconfig.cmake
[0.871s] -- Up-to-date: /home/robousr/ROS2Dev/Workspaces/Proyecto_Robot_2/example_ws/install/example_interfaces/share/example_interfaces/cmake/example_interfaces__rosidl_typesupport_introspection_cExport.cmake
[0.871s] -- Up-to-date: /home/robousr/ROS2Dev/Workspaces/Proyecto_Robot_2/example_ws/install/example_interfaces/share/example_interfaces/cmake/example_interfaces__rosidl_typesupport_introspection_cExport-noconfig.cmake
[0.871s] -- Up-to-date: /home/robousr/ROS2Dev/Workspaces/Proyecto_Robot_2/example_ws/install/example_interfaces/share/example_interfaces/cmake/example_interfaces__rosidl_typesupport_cExport.cmake
[0.871s] -- Up-to-date: /home/robousr/ROS2Dev/Workspaces/Proyecto_Robot_2/example_ws/install/example_interfaces/share/example_interfaces/cmake/example_interfaces__rosidl_typesupport_cExport-noconfig.cmake
[0.871s] -- Up-to-date: /home/robousr/ROS2Dev/Workspaces/Proyecto_Robot_2/example_ws/install/example_interfaces/share/example_interfaces/cmake/export_example_interfaces__rosidl_generator_cppExport.cmake
[0.871s] -- Up-to-date: /home/robousr/ROS2Dev/Workspaces/Proyecto_Robot_2/example_ws/install/example_interfaces/share/example_interfaces/cmake/export_example_interfaces__rosidl_typesupport_fastrtps_cppExport.cmake
[0.871s] -- Up-to-date: /home/robousr/ROS2Dev/Workspaces/Proyecto_Robot_2/example_ws/install/example_interfaces/share/example_interfaces/cmake/export_example_interfaces__rosidl_typesupport_fastrtps_cppExport-noconfig.cmake
[0.871s] -- Up-to-date: /home/robousr/ROS2Dev/Workspaces/Proyecto_Robot_2/example_ws/install/example_interfaces/share/example_interfaces/cmake/example_interfaces__rosidl_typesupport_introspection_cppExport.cmake
[0.872s] -- Up-to-date: /home/robousr/ROS2Dev/Workspaces/Proyecto_Robot_2/example_ws/install/example_interfaces/share/example_interfaces/cmake/example_interfaces__rosidl_typesupport_introspection_cppExport-noconfig.cmake
[0.872s] -- Up-to-date: /home/robousr/ROS2Dev/Workspaces/Proyecto_Robot_2/example_ws/install/example_interfaces/share/example_interfaces/cmake/example_interfaces__rosidl_typesupport_cppExport.cmake
[0.872s] -- Up-to-date: /home/robousr/ROS2Dev/Workspaces/Proyecto_Robot_2/example_ws/install/example_interfaces/share/example_interfaces/cmake/example_interfaces__rosidl_typesupport_cppExport-noconfig.cmake
[0.872s] -- Up-to-date: /home/robousr/ROS2Dev/Workspaces/Proyecto_Robot_2/example_ws/install/example_interfaces/share/example_interfaces/cmake/export_example_interfaces__rosidl_generator_pyExport.cmake
[0.872s] -- Up-to-date: /home/robousr/ROS2Dev/Workspaces/Proyecto_Robot_2/example_ws/install/example_interfaces/share/example_interfaces/cmake/export_example_interfaces__rosidl_generator_pyExport-noconfig.cmake
[0.875s] Invoked command in '/home/robousr/ROS2Dev/Workspaces/Proyecto_Robot_2/example_ws/build/example_interfaces' returned '0': CMAKE_PREFIX_PATH=${CMAKE_PREFIX_PATH}:/home/robousr/ROS2Dev/Workspaces/Proyecto_Robot_2/example_ws/install/example_pkg:/home/robousr/ROS2Dev/Workspaces/Proyecto_Robot_2/example_ws/install/example_description:/home/robousr/ROS2Dev/Workspaces/Proyecto_Robot_2/example_ws/install/example_decription:/home/robousr/ROS2Dev/Workspaces/Proyecto_Robot_2/example_ws/install/example_control:/home/robousr/ROS2Dev/Workspaces/Proyecto_Robot_2/example_ws/install/example_bringup:/opt/ros/humble /usr/bin/cmake --install /home/robousr/ROS2Dev/Workspaces/Proyecto_Robot_2/example_ws/build/example_interfaces
