[0.021s] Invoking command in '/home/robousr/ROS2Dev/Workspaces/Proyecto_Robot_2/example_ws/build/example_interfaces': CMAKE_PREFIX_PATH=${CMAKE_PREFIX_PATH}:/home/robousr/ROS2Dev/Workspaces/Proyecto_Robot_2/example_ws/install/example_pkg:/home/robousr/ROS2Dev/Workspaces/Proyecto_Robot_2/example_ws/install/example_description:/home/robousr/ROS2Dev/Workspaces/Proyecto_Robot_2/example_ws/install/example_decription:/home/robousr/ROS2Dev/Workspaces/Proyecto_Robot_2/example_ws/install/example_control:/home/robousr/ROS2Dev/Workspaces/Proyecto_Robot_2/example_ws/install/example_bringup:/opt/ros/humble /usr/bin/cmake --build /home/robousr/ROS2Dev/Workspaces/Proyecto_Robot_2/example_ws/build/example_interfaces -- -j4 -l4
[0.113s] [  9%] Built target example_interfaces__rosidl_generator_c
[0.114s] [  9%] Built target ament_cmake_python_symlink_example_interfaces
[0.127s] [ 12%] Built target example_interfaces__cpp
[0.146s] [ 22%] Built target example_interfaces__rosidl_typesupport_c
[0.149s] [ 32%] Built target example_interfaces__rosidl_typesupport_introspection_c
[0.162s] [ 41%] Built target example_interfaces__rosidl_typesupport_fastrtps_c
[0.184s] [ 51%] Built target example_interfaces__rosidl_typesupport_fastrtps_cpp
[0.190s] [ 61%] Built target example_interfaces__rosidl_typesupport_cpp
[0.198s] [ 70%] Built target example_interfaces__rosidl_typesupport_introspection_cpp
[0.224s] [ 70%] Built target example_interfaces
[0.250s] [ 74%] Built target example_interfaces__py
[0.280s] [ 80%] Built target example_interfaces__rosidl_generator_py
[0.337s] [ 87%] Built target example_interfaces__rosidl_typesupport_c__pyext
[0.339s] [ 93%] Built target example_interfaces__rosidl_typesupport_introspection_c__pyext
[0.347s] [100%] Built target example_interfaces__rosidl_typesupport_fastrtps_c__pyext
[0.676s] running egg_info
[0.677s] writing example_interfaces.egg-info/PKG-INFO
[0.678s] writing dependency_links to example_interfaces.egg-info/dependency_links.txt
[0.678s] writing top-level names to example_interfaces.egg-info/top_level.txt
[0.683s] reading manifest file 'example_interfaces.egg-info/SOURCES.txt'
[0.683s] writing manifest file 'example_interfaces.egg-info/SOURCES.txt'
[0.727s] [100%] Built target ament_cmake_python_build_example_interfaces_egg
[0.743s] Invoked command in '/home/robousr/ROS2Dev/Workspaces/Proyecto_Robot_2/example_ws/build/example_interfaces' returned '0': CMAKE_PREFIX_PATH=${CMAKE_PREFIX_PATH}:/home/robousr/ROS2Dev/Workspaces/Proyecto_Robot_2/example_ws/install/example_pkg:/home/robousr/ROS2Dev/Workspaces/Proyecto_Robot_2/example_ws/install/example_description:/home/robousr/ROS2Dev/Workspaces/Proyecto_Robot_2/example_ws/install/example_decription:/home/robousr/ROS2Dev/Workspaces/Proyecto_Robot_2/example_ws/install/example_control:/home/robousr/ROS2Dev/Workspaces/Proyecto_Robot_2/example_ws/install/example_bringup:/opt/ros/humble /usr/bin/cmake --build /home/robousr/ROS2Dev/Workspaces/Proyecto_Robot_2/example_ws/build/example_interfaces -- -j4 -l4
[0.757s] Invoking command in '/home/robousr/ROS2Dev/Workspaces/Proyecto_Robot_2/example_ws/build/example_interfaces': CMAKE_PREFIX_PATH=${CMAKE_PREFIX_PATH}:/home/robousr/ROS2Dev/Workspaces/Proyecto_Robot_2/example_ws/install/example_pkg:/home/robousr/ROS2Dev/Workspaces/Proyecto_Robot_2/example_ws/install/example_description:/home/robousr/ROS2Dev/Workspaces/Proyecto_Robot_2/example_ws/install/example_decription:/home/robousr/ROS2Dev/Workspaces/Proyecto_Robot_2/example_ws/install/example_control:/home/robousr/ROS2Dev/Workspaces/Proyecto_Robot_2/example_ws/install/example_bringup:/opt/ros/humble /usr/bin/cmake --install /home/robousr/ROS2Dev/Workspaces/Proyecto_Robot_2/example_ws/build/example_interfaces
[0.769s] -- Install configuration: ""
[0.770s] -- Execute custom install script
[0.771s] -- Up-to-date symlink: /home/robousr/ROS2Dev/Workspaces/Proyecto_Robot_2/example_ws/install/example_interfaces/share/ament_index/resource_index/rosidl_interfaces/example_interfaces
[0.771s] -- Up-to-date symlink: /home/robousr/ROS2Dev/Workspaces/Proyecto_Robot_2/example_ws/install/example_interfaces/include/example_interfaces/example_interfaces/msg/detail/example_msg__functions.h
[0.772s] -- Up-to-date symlink: /home/robousr/ROS2Dev/Workspaces/Proyecto_Robot_2/example_ws/install/example_interfaces/include/example_interfaces/example_interfaces/msg/detail/example_msg__struct.h
[0.772s] -- Up-to-date symlink: /home/robousr/ROS2Dev/Workspaces/Proyecto_Robot_2/example_ws/install/example_interfaces/include/example_interfaces/example_interfaces/msg/detail/example_msg__type_support.h
[0.772s] -- Up-to-date symlink: /home/robousr/ROS2Dev/Workspaces/Proyecto_Robot_2/example_ws/install/example_interfaces/include/example_interfaces/example_interfaces/msg/example_msg.h
[0.773s] -- Up-to-date symlink: /home/robousr/ROS2Dev/Workspaces/Proyecto_Robot_2/example_ws/install/example_interfaces/include/example_interfaces/example_interfaces/msg/rosidl_generator_c__visibility_control.h
[0.773s] -- Up-to-date symlink: /home/robousr/ROS2Dev/Workspaces/Proyecto_Robot_2/example_ws/install/example_interfaces/share/example_interfaces/environment/library_path.sh
[0.773s] -- Up-to-date symlink: /home/robousr/ROS2Dev/Workspaces/Proyecto_Robot_2/example_ws/install/example_interfaces/share/example_interfaces/environment/library_path.dsv
[0.774s] -- Up-to-date symlink: /home/robousr/ROS2Dev/Workspaces/Proyecto_Robot_2/example_ws/install/example_interfaces/include/example_interfaces/example_interfaces/msg/detail/example_msg__rosidl_typesupport_fastrtps_c.h
[0.774s] -- Up-to-date symlink: /home/robousr/ROS2Dev/Workspaces/Proyecto_Robot_2/example_ws/install/example_interfaces/include/example_interfaces/example_interfaces/msg/rosidl_typesupport_fastrtps_c__visibility_control.h
[0.774s] -- Up-to-date symlink: /home/robousr/ROS2Dev/Workspaces/Proyecto_Robot_2/example_ws/install/example_interfaces/include/example_interfaces/example_interfaces/msg/detail/example_msg__rosidl_typesupport_introspection_c.h
[0.774s] -- Up-to-date symlink: /home/robousr/ROS2Dev/Workspaces/Proyecto_Robot_2/example_ws/install/example_interfaces/include/example_interfaces/example_interfaces/msg/rosidl_typesupport_introspection_c__visibility_control.h
[0.775s] -- Up-to-date symlink: /home/robousr/ROS2Dev/Workspaces/Proyecto_Robot_2/example_ws/install/example_interfaces/include/example_interfaces/example_interfaces/msg/detail/example_msg__builder.hpp
[0.775s] -- Up-to-date symlink: /home/robousr/ROS2Dev/Workspaces/Proyecto_Robot_2/example_ws/install/example_interfaces/include/example_interfaces/example_interfaces/msg/detail/example_msg__struct.hpp
[0.775s] -- Up-to-date symlink: /home/robousr/ROS2Dev/Workspaces/Proyecto_Robot_2/example_ws/install/example_interfaces/include/example_interfaces/example_interfaces/msg/detail/example_msg__traits.hpp
[0.775s] -- Up-to-date symlink: /home/robousr/ROS2Dev/Workspaces/Proyecto_Robot_2/example_ws/install/example_interfaces/include/example_interfaces/example_interfaces/msg/detail/example_msg__type_support.hpp
[0.775s] -- Up-to-date symlink: /home/robousr/ROS2Dev/Workspaces/Proyecto_Robot_2/example_ws/install/example_interfaces/include/example_interfaces/example_interfaces/msg/example_msg.hpp
[0.776s] -- Up-to-date symlink: /home/robousr/ROS2Dev/Workspaces/Proyecto_Robot_2/example_ws/install/example_interfaces/include/example_interfaces/example_interfaces/msg/rosidl_generator_cpp__visibility_control.hpp
[0.776s] -- Up-to-date symlink: /home/robousr/ROS2Dev/Workspaces/Proyecto_Robot_2/example_ws/install/example_interfaces/include/example_interfaces/example_interfaces/msg/detail/example_msg__rosidl_typesupport_fastrtps_cpp.hpp
[0.776s] -- Up-to-date symlink: /home/robousr/ROS2Dev/Workspaces/Proyecto_Robot_2/example_ws/install/example_interfaces/include/example_interfaces/example_interfaces/msg/rosidl_typesupport_fastrtps_cpp__visibility_control.h
[0.776s] -- Up-to-date symlink: /home/robousr/ROS2Dev/Workspaces/Proyecto_Robot_2/example_ws/install/example_interfaces/include/example_interfaces/example_interfaces/msg/detail/example_msg__rosidl_typesupport_introspection_cpp.hpp
[0.777s] -- Up-to-date symlink: /home/robousr/ROS2Dev/Workspaces/Proyecto_Robot_2/example_ws/install/example_interfaces/share/example_interfaces/environment/pythonpath.sh
[0.777s] -- Up-to-date symlink: /home/robousr/ROS2Dev/Workspaces/Proyecto_Robot_2/example_ws/install/example_interfaces/share/example_interfaces/environment/pythonpath.dsv
[0.777s] -- Up-to-date symlink: /home/robousr/ROS2Dev/Workspaces/Proyecto_Robot_2/example_ws/install/example_interfaces/local/lib/python3.10/dist-packages/example_interfaces-0.0.0-py3.10.egg-info/PKG-INFO
[0.778s] -- Up-to-date symlink: /home/robousr/ROS2Dev/Workspaces/Proyecto_Robot_2/example_ws/install/example_interfaces/local/lib/python3.10/dist-packages/example_interfaces-0.0.0-py3.10.egg-info/SOURCES.txt
[0.778s] -- Up-to-date symlink: /home/robousr/ROS2Dev/Workspaces/Proyecto_Robot_2/example_ws/install/example_interfaces/local/lib/python3.10/dist-packages/example_interfaces-0.0.0-py3.10.egg-info/dependency_links.txt
[0.778s] -- Up-to-date symlink: /home/robousr/ROS2Dev/Workspaces/Proyecto_Robot_2/example_ws/install/example_interfaces/local/lib/python3.10/dist-packages/example_interfaces-0.0.0-py3.10.egg-info/top_level.txt
[0.779s] -- Up-to-date symlink: /home/robousr/ROS2Dev/Workspaces/Proyecto_Robot_2/example_ws/install/example_interfaces/local/lib/python3.10/dist-packages/example_interfaces/__init__.py
[0.780s] -- Up-to-date symlink: /home/robousr/ROS2Dev/Workspaces/Proyecto_Robot_2/example_ws/install/example_interfaces/local/lib/python3.10/dist-packages/example_interfaces/_example_interfaces_s.ep.rosidl_typesupport_c.c
[0.780s] -- Up-to-date symlink: /home/robousr/ROS2Dev/Workspaces/Proyecto_Robot_2/example_ws/install/example_interfaces/local/lib/python3.10/dist-packages/example_interfaces/_example_interfaces_s.ep.rosidl_typesupport_fastrtps_c.c
[0.780s] -- Up-to-date symlink: /home/robousr/ROS2Dev/Workspaces/Proyecto_Robot_2/example_ws/install/example_interfaces/local/lib/python3.10/dist-packages/example_interfaces/_example_interfaces_s.ep.rosidl_typesupport_introspection_c.c
[0.780s] -- Up-to-date symlink: /home/robousr/ROS2Dev/Workspaces/Proyecto_Robot_2/example_ws/install/example_interfaces/local/lib/python3.10/dist-packages/example_interfaces/example_interfaces_s__rosidl_typesupport_c.cpython-310-x86_64-linux-gnu.so
[0.780s] -- Up-to-date symlink: /home/robousr/ROS2Dev/Workspaces/Proyecto_Robot_2/example_ws/install/example_interfaces/local/lib/python3.10/dist-packages/example_interfaces/example_interfaces_s__rosidl_typesupport_fastrtps_c.cpython-310-x86_64-linux-gnu.so
[0.780s] -- Up-to-date symlink: /home/robousr/ROS2Dev/Workspaces/Proyecto_Robot_2/example_ws/install/example_interfaces/local/lib/python3.10/dist-packages/example_interfaces/example_interfaces_s__rosidl_typesupport_introspection_c.cpython-310-x86_64-linux-gnu.so
[0.781s] -- Up-to-date symlink: /home/robousr/ROS2Dev/Workspaces/Proyecto_Robot_2/example_ws/install/example_interfaces/local/lib/python3.10/dist-packages/example_interfaces/libexample_interfaces__rosidl_generator_py.so
[0.781s] -- Up-to-date symlink: /home/robousr/ROS2Dev/Workspaces/Proyecto_Robot_2/example_ws/install/example_interfaces/local/lib/python3.10/dist-packages/example_interfaces/msg/__init__.py
[0.781s] -- Up-to-date symlink: /home/robousr/ROS2Dev/Workspaces/Proyecto_Robot_2/example_ws/install/example_interfaces/local/lib/python3.10/dist-packages/example_interfaces/msg/_example_msg.py
[0.781s] -- Up-to-date symlink: /home/robousr/ROS2Dev/Workspaces/Proyecto_Robot_2/example_ws/install/example_interfaces/local/lib/python3.10/dist-packages/example_interfaces/msg/_example_msg_s.c
[0.781s] -- Up-to-date symlink: /home/robousr/ROS2Dev/Workspaces/Proyecto_Robot_2/example_ws/install/example_interfaces/local/lib/python3.10/dist-packages/example_interfaces/example_interfaces_s__rosidl_typesupport_fastrtps_c.cpython-310-x86_64-linux-gnu.so
[0.781s] -- Up-to-date symlink: /home/robousr/ROS2Dev/Workspaces/Proyecto_Robot_2/example_ws/install/example_interfaces/local/lib/python3.10/dist-packages/example_interfaces/example_interfaces_s__rosidl_typesupport_introspection_c.cpython-310-x86_64-linux-gnu.so
[0.782s] -- Up-to-date symlink: /home/robousr/ROS2Dev/Workspaces/Proyecto_Robot_2/example_ws/install/example_interfaces/local/lib/python3.10/dist-packages/example_interfaces/example_interfaces_s__rosidl_typesupport_c.cpython-310-x86_64-linux-gnu.so
[0.782s] -- Up-to-date symlink: /home/robousr/ROS2Dev/Workspaces/Proyecto_Robot_2/example_ws/install/example_interfaces/share/example_interfaces/msg/ExampleMsg.idl
[0.782s] -- Up-to-date symlink: /home/robousr/ROS2Dev/Workspaces/Proyecto_Robot_2/example_ws/install/example_interfaces/share/example_interfaces/msg/ExampleMsg.msg
[0.783s] -- Up-to-date symlink: /home/robousr/ROS2Dev/Workspaces/Proyecto_Robot_2/example_ws/install/example_interfaces/share/ament_index/resource_index/package_run_dependencies/example_interfaces
[0.783s] -- Up-to-date symlink: /home/robousr/ROS2Dev/Workspaces/Proyecto_Robot_2/example_ws/install/example_interfaces/share/ament_index/resource_index/parent_prefix_path/example_interfaces
[0.783s] -- Up-to-date symlink: /home/robousr/ROS2Dev/Workspaces/Proyecto_Robot_2/example_ws/install/example_interfaces/share/example_interfaces/environment/ament_prefix_path.sh
[0.783s] -- Up-to-date symlink: /home/robousr/ROS2Dev/Workspaces/Proyecto_Robot_2/example_ws/install/example_interfaces/share/example_interfaces/environment/ament_prefix_path.dsv
[0.783s] -- Up-to-date symlink: /home/robousr/ROS2Dev/Workspaces/Proyecto_Robot_2/example_ws/install/example_interfaces/share/example_interfaces/environment/path.sh
[0.784s] -- Up-to-date symlink: /home/robousr/ROS2Dev/Workspaces/Proyecto_Robot_2/example_ws/install/example_interfaces/share/example_interfaces/environment/path.dsv
[0.784s] -- Up-to-date symlink: /home/robousr/ROS2Dev/Workspaces/Proyecto_Robot_2/example_ws/install/example_interfaces/share/example_interfaces/local_setup.bash
[0.784s] -- Up-to-date symlink: /home/robousr/ROS2Dev/Workspaces/Proyecto_Robot_2/example_ws/install/example_interfaces/share/example_interfaces/local_setup.sh
[0.784s] -- Up-to-date symlink: /home/robousr/ROS2Dev/Workspaces/Proyecto_Robot_2/example_ws/install/example_interfaces/share/example_interfaces/local_setup.zsh
[0.784s] -- Up-to-date symlink: /home/robousr/ROS2Dev/Workspaces/Proyecto_Robot_2/example_ws/install/example_interfaces/share/example_interfaces/local_setup.dsv
[0.784s] -- Symlinking: /home/robousr/ROS2Dev/Workspaces/Proyecto_Robot_2/example_ws/install/example_interfaces/share/example_interfaces/package.dsv
[0.802s] -- Up-to-date symlink: /home/robousr/ROS2Dev/Workspaces/Proyecto_Robot_2/example_ws/install/example_interfaces/share/ament_index/resource_index/packages/example_interfaces
[0.802s] -- Up-to-date symlink: /home/robousr/ROS2Dev/Workspaces/Proyecto_Robot_2/example_ws/install/example_interfaces/share/example_interfaces/cmake/rosidl_cmake-extras.cmake
[0.802s] -- Up-to-date symlink: /home/robousr/ROS2Dev/Workspaces/Proyecto_Robot_2/example_ws/install/example_interfaces/share/example_interfaces/cmake/ament_cmake_export_dependencies-extras.cmake
[0.804s] -- Up-to-date symlink: /home/robousr/ROS2Dev/Workspaces/Proyecto_Robot_2/example_ws/install/example_interfaces/share/example_interfaces/cmake/ament_cmake_export_include_directories-extras.cmake
[0.804s] -- Up-to-date symlink: /home/robousr/ROS2Dev/Workspaces/Proyecto_Robot_2/example_ws/install/example_interfaces/share/example_interfaces/cmake/ament_cmake_export_libraries-extras.cmake
[0.804s] -- Up-to-date symlink: /home/robousr/ROS2Dev/Workspaces/Proyecto_Robot_2/example_ws/install/example_interfaces/share/example_interfaces/cmake/ament_cmake_export_targets-extras.cmake
[0.804s] -- Up-to-date symlink: /home/robousr/ROS2Dev/Workspaces/Proyecto_Robot_2/example_ws/install/example_interfaces/share/example_interfaces/cmake/rosidl_cmake_export_typesupport_targets-extras.cmake
[0.804s] -- Up-to-date symlink: /home/robousr/ROS2Dev/Workspaces/Proyecto_Robot_2/example_ws/install/example_interfaces/share/example_interfaces/cmake/rosidl_cmake_export_typesupport_libraries-extras.cmake
[0.804s] -- Up-to-date symlink: /home/robousr/ROS2Dev/Workspaces/Proyecto_Robot_2/example_ws/install/example_interfaces/share/example_interfaces/cmake/example_interfacesConfig.cmake
[0.804s] -- Up-to-date symlink: /home/robousr/ROS2Dev/Workspaces/Proyecto_Robot_2/example_ws/install/example_interfaces/share/example_interfaces/cmake/example_interfacesConfig-version.cmake
[0.804s] -- Up-to-date symlink: /home/robousr/ROS2Dev/Workspaces/Proyecto_Robot_2/example_ws/install/example_interfaces/share/example_interfaces/package.xml
[0.804s] -- Up-to-date: /home/robousr/ROS2Dev/Workspaces/Proyecto_Robot_2/example_ws/install/example_interfaces/lib/libexample_interfaces__rosidl_generator_c.so
[0.805s] -- Up-to-date: /home/robousr/ROS2Dev/Workspaces/Proyecto_Robot_2/example_ws/install/example_interfaces/lib/libexample_interfaces__rosidl_typesupport_fastrtps_c.so
[0.805s] -- Up-to-date: /home/robousr/ROS2Dev/Workspaces/Proyecto_Robot_2/example_ws/install/example_interfaces/lib/libexample_interfaces__rosidl_typesupport_introspection_c.so
[0.805s] -- Up-to-date: /home/robousr/ROS2Dev/Workspaces/Proyecto_Robot_2/example_ws/install/example_interfaces/lib/libexample_interfaces__rosidl_typesupport_c.so
[0.805s] -- Up-to-date: /home/robousr/ROS2Dev/Workspaces/Proyecto_Robot_2/example_ws/install/example_interfaces/lib/libexample_interfaces__rosidl_typesupport_fastrtps_cpp.so
[0.805s] -- Up-to-date: /home/robousr/ROS2Dev/Workspaces/Proyecto_Robot_2/example_ws/install/example_interfaces/lib/libexample_interfaces__rosidl_typesupport_introspection_cpp.so
[0.805s] -- Up-to-date: /home/robousr/ROS2Dev/Workspaces/Proyecto_Robot_2/example_ws/install/example_interfaces/lib/libexample_interfaces__rosidl_typesupport_cpp.so
[0.921s] Listing '/home/robousr/ROS2Dev/Workspaces/Proyecto_Robot_2/example_ws/install/example_interfaces/local/lib/python3.10/dist-packages/example_interfaces'...
[0.921s] Listing '/home/robousr/ROS2Dev/Workspaces/Proyecto_Robot_2/example_ws/install/example_interfaces/local/lib/python3.10/dist-packages/example_interfaces/msg'...
[0.932s] -- Up-to-date: /home/robousr/ROS2Dev/Workspaces/Proyecto_Robot_2/example_ws/install/example_interfaces/lib/libexample_interfaces__rosidl_generator_py.so
[0.932s] -- Up-to-date: /home/robousr/ROS2Dev/Workspaces/Proyecto_Robot_2/example_ws/install/example_interfaces/share/example_interfaces/cmake/export_example_interfaces__rosidl_generator_cExport.cmake
[0.932s] -- Up-to-date: /home/robousr/ROS2Dev/Workspaces/Proyecto_Robot_2/example_ws/install/example_interfaces/share/example_interfaces/cmake/export_example_interfaces__rosidl_generator_cExport-noconfig.cmake
[0.932s] -- Up-to-date: /home/robousr/ROS2Dev/Workspaces/Proyecto_Robot_2/example_ws/install/example_interfaces/share/example_interfaces/cmake/export_example_interfaces__rosidl_typesupport_fastrtps_cExport.cmake
[0.933s] -- Up-to-date: /home/robousr/ROS2Dev/Workspaces/Proyecto_Robot_2/example_ws/install/example_interfaces/share/example_interfaces/cmake/export_example_interfaces__rosidl_typesupport_fastrtps_cExport-noconfig.cmake
[0.933s] -- Up-to-date: /home/robousr/ROS2Dev/Workspaces/Proyecto_Robot_2/example_ws/install/example_interfaces/share/example_interfaces/cmake/example_interfaces__rosidl_typesupport_introspection_cExport.cmake
[0.933s] -- Up-to-date: /home/robousr/ROS2Dev/Workspaces/Proyecto_Robot_2/example_ws/install/example_interfaces/share/example_interfaces/cmake/example_interfaces__rosidl_typesupport_introspection_cExport-noconfig.cmake
[0.933s] -- Up-to-date: /home/robousr/ROS2Dev/Workspaces/Proyecto_Robot_2/example_ws/install/example_interfaces/share/example_interfaces/cmake/example_interfaces__rosidl_typesupport_cExport.cmake
[0.933s] -- Up-to-date: /home/robousr/ROS2Dev/Workspaces/Proyecto_Robot_2/example_ws/install/example_interfaces/share/example_interfaces/cmake/example_interfaces__rosidl_typesupport_cExport-noconfig.cmake
[0.933s] -- Up-to-date: /home/robousr/ROS2Dev/Workspaces/Proyecto_Robot_2/example_ws/install/example_interfaces/share/example_interfaces/cmake/export_example_interfaces__rosidl_generator_cppExport.cmake
[0.934s] -- Up-to-date: /home/robousr/ROS2Dev/Workspaces/Proyecto_Robot_2/example_ws/install/example_interfaces/share/example_interfaces/cmake/export_example_interfaces__rosidl_typesupport_fastrtps_cppExport.cmake
[0.934s] -- Up-to-date: /home/robousr/ROS2Dev/Workspaces/Proyecto_Robot_2/example_ws/install/example_interfaces/share/example_interfaces/cmake/export_example_interfaces__rosidl_typesupport_fastrtps_cppExport-noconfig.cmake
[0.934s] -- Up-to-date: /home/robousr/ROS2Dev/Workspaces/Proyecto_Robot_2/example_ws/install/example_interfaces/share/example_interfaces/cmake/example_interfaces__rosidl_typesupport_introspection_cppExport.cmake
[0.934s] -- Up-to-date: /home/robousr/ROS2Dev/Workspaces/Proyecto_Robot_2/example_ws/install/example_interfaces/share/example_interfaces/cmake/example_interfaces__rosidl_typesupport_introspection_cppExport-noconfig.cmake
[0.934s] -- Up-to-date: /home/robousr/ROS2Dev/Workspaces/Proyecto_Robot_2/example_ws/install/example_interfaces/share/example_interfaces/cmake/example_interfaces__rosidl_typesupport_cppExport.cmake
[0.934s] -- Up-to-date: /home/robousr/ROS2Dev/Workspaces/Proyecto_Robot_2/example_ws/install/example_interfaces/share/example_interfaces/cmake/example_interfaces__rosidl_typesupport_cppExport-noconfig.cmake
[0.934s] -- Up-to-date: /home/robousr/ROS2Dev/Workspaces/Proyecto_Robot_2/example_ws/install/example_interfaces/share/example_interfaces/cmake/export_example_interfaces__rosidl_generator_pyExport.cmake
[0.934s] -- Up-to-date: /home/robousr/ROS2Dev/Workspaces/Proyecto_Robot_2/example_ws/install/example_interfaces/share/example_interfaces/cmake/export_example_interfaces__rosidl_generator_pyExport-noconfig.cmake
[0.937s] Invoked command in '/home/robousr/ROS2Dev/Workspaces/Proyecto_Robot_2/example_ws/build/example_interfaces' returned '0': CMAKE_PREFIX_PATH=${CMAKE_PREFIX_PATH}:/home/robousr/ROS2Dev/Workspaces/Proyecto_Robot_2/example_ws/install/example_pkg:/home/robousr/ROS2Dev/Workspaces/Proyecto_Robot_2/example_ws/install/example_description:/home/robousr/ROS2Dev/Workspaces/Proyecto_Robot_2/example_ws/install/example_decription:/home/robousr/ROS2Dev/Workspaces/Proyecto_Robot_2/example_ws/install/example_control:/home/robousr/ROS2Dev/Workspaces/Proyecto_Robot_2/example_ws/install/example_bringup:/opt/ros/humble /usr/bin/cmake --install /home/robousr/ROS2Dev/Workspaces/Proyecto_Robot_2/example_ws/build/example_interfaces
