[0.010s] Invoking command in '/home/robousr/ROS2Dev/Workspaces/Proyecto_Robot_2/example_ws/build/example_interfaces': CMAKE_PREFIX_PATH=/opt/ros/humble /usr/bin/cmake /home/robousr/ROS2Dev/Workspaces/Proyecto_Robot_2/example_ws/src/example_interfaces -DAMENT_CMAKE_SYMLINK_INSTALL=1 -DCMAKE_INSTALL_PREFIX=/home/robousr/ROS2Dev/Workspaces/Proyecto_Robot_2/example_ws/install/example_interfaces
[0.107s] -- The C compiler identification is GNU 11.4.0
[0.175s] -- The CXX compiler identification is GNU 11.4.0
[0.184s] -- Detecting C compiler ABI info
[0.257s] -- Detecting C compiler ABI info - done
[0.262s] -- Check for working C compiler: /usr/bin/cc - skipped
[0.263s] -- Detecting C compile features
[0.263s] -- Detecting C compile features - done
[0.267s] -- Detecting CXX compiler ABI info
[0.356s] -- Detecting CXX compiler ABI info - done
[0.365s] -- Check for working CXX compiler: /usr/bin/c++ - skipped
[0.368s] -- Detecting CXX compile features
[0.368s] -- Detecting CXX compile features - done
[0.370s] -- Found ament_cmake: 1.3.12 (/opt/ros/humble/share/ament_cmake/cmake)
[0.879s] -- Found Python3: /home/robousr/.pyenv/shims/python3 (found version "3.10.12") found components: Interpreter 
[0.993s] -- Override CMake install command with custom implementation using symlinks instead of copying resources
[1.024s] -- Found rosidl_default_generators: 1.2.0 (/opt/ros/humble/share/rosidl_default_generators/cmake)
[1.027s] -- Using all available rosidl_typesupport_c: rosidl_typesupport_fastrtps_c;rosidl_typesupport_introspection_c
[1.034s] -- Found rosidl_adapter: 3.1.7 (/opt/ros/humble/share/rosidl_adapter/cmake)
[1.077s] -- Using all available rosidl_typesupport_cpp: rosidl_typesupport_fastrtps_cpp;rosidl_typesupport_introspection_cpp
[1.112s] -- Found builtin_interfaces: 1.2.2 (/opt/ros/humble/share/builtin_interfaces/cmake)
[1.577s] -- Found ament_cmake_ros: 0.10.0 (/opt/ros/humble/share/ament_cmake_ros/cmake)
[1.927s] -- Using all available rosidl_typesupport_c: rosidl_typesupport_fastrtps_c;rosidl_typesupport_introspection_c
[2.419s] -- Using all available rosidl_typesupport_cpp: rosidl_typesupport_fastrtps_cpp;rosidl_typesupport_introspection_cpp
[2.481s] -- Found PythonInterp: /home/robousr/.pyenv/shims/python3 (found suitable version "3.10.12", minimum required is "3.6") 
[2.482s] -- Found python_cmake_module: 0.10.0 (/opt/ros/humble/share/python_cmake_module/cmake)
[2.548s] -- Found PythonLibs: /usr/lib/x86_64-linux-gnu/libpython3.10.so (found suitable version "3.10.12", minimum required is "3.5") 
[2.548s] -- Using PYTHON_EXECUTABLE: /home/robousr/.pyenv/shims/python3
[2.548s] -- Using PYTHON_INCLUDE_DIRS: /usr/include/python3.10
[2.548s] -- Using PYTHON_LIBRARIES: /usr/lib/x86_64-linux-gnu/libpython3.10.so
[2.625s] -- Found PythonExtra: .so  
[2.717s] -- Found ament_lint_auto: 0.12.14 (/opt/ros/humble/share/ament_lint_auto/cmake)
[2.738s] -- Added test 'lint_cmake' to check CMake code style
[2.738s] -- Added test 'xmllint' to check XML markup files
[2.742s] -- Configuring done
[2.784s] -- Generating done
[2.795s] -- Build files have been written to: /home/robousr/ROS2Dev/Workspaces/Proyecto_Robot_2/example_ws/build/example_interfaces
[2.803s] Invoked command in '/home/robousr/ROS2Dev/Workspaces/Proyecto_Robot_2/example_ws/build/example_interfaces' returned '0': CMAKE_PREFIX_PATH=/opt/ros/humble /usr/bin/cmake /home/robousr/ROS2Dev/Workspaces/Proyecto_Robot_2/example_ws/src/example_interfaces -DAMENT_CMAKE_SYMLINK_INSTALL=1 -DCMAKE_INSTALL_PREFIX=/home/robousr/ROS2Dev/Workspaces/Proyecto_Robot_2/example_ws/install/example_interfaces
[2.805s] Invoking command in '/home/robousr/ROS2Dev/Workspaces/Proyecto_Robot_2/example_ws/build/example_interfaces': CMAKE_PREFIX_PATH=/opt/ros/humble /usr/bin/cmake --build /home/robousr/ROS2Dev/Workspaces/Proyecto_Robot_2/example_ws/build/example_interfaces -- -j4 -l4
[2.845s] [  3%] [34m[1mGenerating C code for ROS interfaces[0m
[2.857s] [  6%] [34m[1mGenerating C++ code for ROS interfaces[0m
[2.891s] [  6%] Built target ament_cmake_python_symlink_example_interfaces
[3.297s] [  9%] [32mBuilding C object CMakeFiles/example_interfaces__rosidl_generator_c.dir/rosidl_generator_c/example_interfaces/msg/detail/example_msg__functions.c.o[0m
[3.299s] [  9%] Built target example_interfaces__cpp
[3.310s] [ 12%] [34m[1mGenerating C++ type support dispatch for ROS interfaces[0m
[3.314s] [ 16%] [34m[1mGenerating C++ type support for eProsima Fast-RTPS[0m
[3.365s] running egg_info
[3.366s] creating example_interfaces.egg-info
[3.366s] writing example_interfaces.egg-info/PKG-INFO
[3.367s] writing dependency_links to example_interfaces.egg-info/dependency_links.txt
[3.367s] writing top-level names to example_interfaces.egg-info/top_level.txt
[3.368s] writing manifest file 'example_interfaces.egg-info/SOURCES.txt'
[3.371s] reading manifest file 'example_interfaces.egg-info/SOURCES.txt'
[3.373s] writing manifest file 'example_interfaces.egg-info/SOURCES.txt'
[3.377s] [ 19%] [32m[1mLinking C shared library libexample_interfaces__rosidl_generator_c.so[0m
[3.436s] [ 19%] Built target ament_cmake_python_build_example_interfaces_egg
[3.444s] [ 22%] [34m[1mGenerating C++ introspection for ROS interfaces[0m
[3.452s] [ 22%] Built target example_interfaces__rosidl_generator_c
[3.464s] [ 25%] [34m[1mGenerating C type support for eProsima Fast-RTPS[0m
[3.737s] [ 29%] [32mBuilding CXX object CMakeFiles/example_interfaces__rosidl_typesupport_fastrtps_cpp.dir/rosidl_typesupport_fastrtps_cpp/example_interfaces/msg/detail/dds_fastrtps/example_msg__type_support.cpp.o[0m
[3.766s] [ 32%] [32mBuilding CXX object CMakeFiles/example_interfaces__rosidl_typesupport_cpp.dir/rosidl_typesupport_cpp/example_interfaces/msg/example_msg__type_support.cpp.o[0m
[3.911s] [ 35%] [32mBuilding CXX object CMakeFiles/example_interfaces__rosidl_typesupport_introspection_cpp.dir/rosidl_typesupport_introspection_cpp/example_interfaces/msg/detail/example_msg__type_support.cpp.o[0m
[3.958s] [ 38%] [32mBuilding CXX object CMakeFiles/example_interfaces__rosidl_typesupport_fastrtps_c.dir/rosidl_typesupport_fastrtps_c/example_interfaces/msg/detail/example_msg__type_support_c.cpp.o[0m
[4.120s] [ 41%] [32m[1mLinking CXX shared library libexample_interfaces__rosidl_typesupport_cpp.so[0m
[4.177s] [ 41%] Built target example_interfaces__rosidl_typesupport_cpp
[4.190s] [ 45%] [34m[1mGenerating C introspection for ROS interfaces[0m
[4.366s] [ 48%] [32m[1mLinking CXX shared library libexample_interfaces__rosidl_typesupport_fastrtps_cpp.so[0m
[4.485s] [ 51%] [32m[1mLinking CXX shared library libexample_interfaces__rosidl_typesupport_fastrtps_c.so[0m
[4.527s] [ 51%] Built target example_interfaces__rosidl_typesupport_fastrtps_cpp
[4.548s] [ 54%] [34m[1mGenerating C type support dispatch for ROS interfaces[0m
[4.642s] [ 58%] [32m[1mLinking CXX shared library libexample_interfaces__rosidl_typesupport_introspection_cpp.so[0m
[4.660s] [ 58%] Built target example_interfaces__rosidl_typesupport_fastrtps_c
[4.724s] [ 61%] [32mBuilding C object CMakeFiles/example_interfaces__rosidl_typesupport_introspection_c.dir/rosidl_typesupport_introspection_c/example_interfaces/msg/detail/example_msg__type_support.c.o[0m
[4.784s] [ 61%] Built target example_interfaces__rosidl_typesupport_introspection_cpp
[4.794s] [ 64%] [32m[1mLinking C shared library libexample_interfaces__rosidl_typesupport_introspection_c.so[0m
[4.847s] [ 64%] Built target example_interfaces__rosidl_typesupport_introspection_c
[5.074s] [ 67%] [32mBuilding CXX object CMakeFiles/example_interfaces__rosidl_typesupport_c.dir/rosidl_typesupport_c/example_interfaces/msg/example_msg__type_support.cpp.o[0m
[5.112s] [ 70%] [32m[1mLinking CXX shared library libexample_interfaces__rosidl_typesupport_c.so[0m
[5.169s] [ 70%] Built target example_interfaces__rosidl_typesupport_c
[5.195s] [ 70%] Built target example_interfaces
[5.225s] [ 74%] [34m[1mGenerating Python code for ROS interfaces[0m
[5.637s] [ 74%] Built target example_interfaces__py
[5.660s] [ 77%] [32mBuilding C object CMakeFiles/example_interfaces__rosidl_generator_py.dir/rosidl_generator_py/example_interfaces/msg/_example_msg_s.c.o[0m
[5.772s] [ 80%] [32m[1mLinking C shared library rosidl_generator_py/example_interfaces/libexample_interfaces__rosidl_generator_py.so[0m
[5.841s] [ 80%] Built target example_interfaces__rosidl_generator_py
[5.871s] [ 83%] [32mBuilding C object CMakeFiles/example_interfaces__rosidl_typesupport_introspection_c__pyext.dir/rosidl_generator_py/example_interfaces/_example_interfaces_s.ep.rosidl_typesupport_introspection_c.c.o[0m
[5.875s] [ 87%] [32mBuilding C object CMakeFiles/example_interfaces__rosidl_typesupport_fastrtps_c__pyext.dir/rosidl_generator_py/example_interfaces/_example_interfaces_s.ep.rosidl_typesupport_fastrtps_c.c.o[0m
[5.875s] [ 90%] [32mBuilding C object CMakeFiles/example_interfaces__rosidl_typesupport_c__pyext.dir/rosidl_generator_py/example_interfaces/_example_interfaces_s.ep.rosidl_typesupport_c.c.o[0m
[6.026s] [ 93%] [32m[1mLinking C shared library rosidl_generator_py/example_interfaces/example_interfaces_s__rosidl_typesupport_introspection_c.cpython-310-x86_64-linux-gnu.so[0m
[6.034s] [ 96%] [32m[1mLinking C shared library rosidl_generator_py/example_interfaces/example_interfaces_s__rosidl_typesupport_c.cpython-310-x86_64-linux-gnu.so[0m
[6.034s] [100%] [32m[1mLinking C shared library rosidl_generator_py/example_interfaces/example_interfaces_s__rosidl_typesupport_fastrtps_c.cpython-310-x86_64-linux-gnu.so[0m
[6.080s] [100%] Built target example_interfaces__rosidl_typesupport_introspection_c__pyext
[6.084s] [100%] Built target example_interfaces__rosidl_typesupport_fastrtps_c__pyext
[6.084s] [100%] Built target example_interfaces__rosidl_typesupport_c__pyext
[6.100s] Invoked command in '/home/robousr/ROS2Dev/Workspaces/Proyecto_Robot_2/example_ws/build/example_interfaces' returned '0': CMAKE_PREFIX_PATH=/opt/ros/humble /usr/bin/cmake --build /home/robousr/ROS2Dev/Workspaces/Proyecto_Robot_2/example_ws/build/example_interfaces -- -j4 -l4
[6.114s] Invoking command in '/home/robousr/ROS2Dev/Workspaces/Proyecto_Robot_2/example_ws/build/example_interfaces': CMAKE_PREFIX_PATH=/opt/ros/humble /usr/bin/cmake --install /home/robousr/ROS2Dev/Workspaces/Proyecto_Robot_2/example_ws/build/example_interfaces
[6.124s] -- Install configuration: ""
[6.125s] -- Execute custom install script
[6.125s] -- Symlinking: /home/robousr/ROS2Dev/Workspaces/Proyecto_Robot_2/example_ws/install/example_interfaces/share/ament_index/resource_index/rosidl_interfaces/example_interfaces
[6.137s] -- Symlinking: /home/robousr/ROS2Dev/Workspaces/Proyecto_Robot_2/example_ws/install/example_interfaces/include/example_interfaces/example_interfaces/msg/detail/example_msg__functions.h
[6.149s] -- Symlinking: /home/robousr/ROS2Dev/Workspaces/Proyecto_Robot_2/example_ws/install/example_interfaces/include/example_interfaces/example_interfaces/msg/detail/example_msg__struct.h
[6.160s] -- Symlinking: /home/robousr/ROS2Dev/Workspaces/Proyecto_Robot_2/example_ws/install/example_interfaces/include/example_interfaces/example_interfaces/msg/detail/example_msg__type_support.h
[6.171s] -- Symlinking: /home/robousr/ROS2Dev/Workspaces/Proyecto_Robot_2/example_ws/install/example_interfaces/include/example_interfaces/example_interfaces/msg/example_msg.h
[6.181s] -- Symlinking: /home/robousr/ROS2Dev/Workspaces/Proyecto_Robot_2/example_ws/install/example_interfaces/include/example_interfaces/example_interfaces/msg/rosidl_generator_c__visibility_control.h
[6.193s] -- Symlinking: /home/robousr/ROS2Dev/Workspaces/Proyecto_Robot_2/example_ws/install/example_interfaces/share/example_interfaces/environment/library_path.sh
[6.204s] -- Symlinking: /home/robousr/ROS2Dev/Workspaces/Proyecto_Robot_2/example_ws/install/example_interfaces/share/example_interfaces/environment/library_path.dsv
[6.216s] -- Symlinking: /home/robousr/ROS2Dev/Workspaces/Proyecto_Robot_2/example_ws/install/example_interfaces/include/example_interfaces/example_interfaces/msg/detail/example_msg__rosidl_typesupport_fastrtps_c.h
[6.226s] -- Symlinking: /home/robousr/ROS2Dev/Workspaces/Proyecto_Robot_2/example_ws/install/example_interfaces/include/example_interfaces/example_interfaces/msg/rosidl_typesupport_fastrtps_c__visibility_control.h
[6.237s] -- Symlinking: /home/robousr/ROS2Dev/Workspaces/Proyecto_Robot_2/example_ws/install/example_interfaces/include/example_interfaces/example_interfaces/msg/detail/example_msg__rosidl_typesupport_introspection_c.h
[6.248s] -- Symlinking: /home/robousr/ROS2Dev/Workspaces/Proyecto_Robot_2/example_ws/install/example_interfaces/include/example_interfaces/example_interfaces/msg/rosidl_typesupport_introspection_c__visibility_control.h
[6.259s] -- Symlinking: /home/robousr/ROS2Dev/Workspaces/Proyecto_Robot_2/example_ws/install/example_interfaces/include/example_interfaces/example_interfaces/msg/detail/example_msg__builder.hpp
[6.269s] -- Symlinking: /home/robousr/ROS2Dev/Workspaces/Proyecto_Robot_2/example_ws/install/example_interfaces/include/example_interfaces/example_interfaces/msg/detail/example_msg__struct.hpp
[6.279s] -- Symlinking: /home/robousr/ROS2Dev/Workspaces/Proyecto_Robot_2/example_ws/install/example_interfaces/include/example_interfaces/example_interfaces/msg/detail/example_msg__traits.hpp
[6.289s] -- Symlinking: /home/robousr/ROS2Dev/Workspaces/Proyecto_Robot_2/example_ws/install/example_interfaces/include/example_interfaces/example_interfaces/msg/detail/example_msg__type_support.hpp
[6.299s] -- Symlinking: /home/robousr/ROS2Dev/Workspaces/Proyecto_Robot_2/example_ws/install/example_interfaces/include/example_interfaces/example_interfaces/msg/example_msg.hpp
[6.309s] -- Symlinking: /home/robousr/ROS2Dev/Workspaces/Proyecto_Robot_2/example_ws/install/example_interfaces/include/example_interfaces/example_interfaces/msg/rosidl_generator_cpp__visibility_control.hpp
[6.322s] -- Symlinking: /home/robousr/ROS2Dev/Workspaces/Proyecto_Robot_2/example_ws/install/example_interfaces/include/example_interfaces/example_interfaces/msg/detail/example_msg__rosidl_typesupport_fastrtps_cpp.hpp
[6.332s] -- Symlinking: /home/robousr/ROS2Dev/Workspaces/Proyecto_Robot_2/example_ws/install/example_interfaces/include/example_interfaces/example_interfaces/msg/rosidl_typesupport_fastrtps_cpp__visibility_control.h
[6.342s] -- Symlinking: /home/robousr/ROS2Dev/Workspaces/Proyecto_Robot_2/example_ws/install/example_interfaces/include/example_interfaces/example_interfaces/msg/detail/example_msg__rosidl_typesupport_introspection_cpp.hpp
[6.352s] -- Symlinking: /home/robousr/ROS2Dev/Workspaces/Proyecto_Robot_2/example_ws/install/example_interfaces/share/example_interfaces/environment/pythonpath.sh
[6.362s] -- Symlinking: /home/robousr/ROS2Dev/Workspaces/Proyecto_Robot_2/example_ws/install/example_interfaces/share/example_interfaces/environment/pythonpath.dsv
[6.373s] -- Symlinking: /home/robousr/ROS2Dev/Workspaces/Proyecto_Robot_2/example_ws/install/example_interfaces/local/lib/python3.10/dist-packages/example_interfaces-0.0.0-py3.10.egg-info/PKG-INFO
[6.383s] -- Symlinking: /home/robousr/ROS2Dev/Workspaces/Proyecto_Robot_2/example_ws/install/example_interfaces/local/lib/python3.10/dist-packages/example_interfaces-0.0.0-py3.10.egg-info/SOURCES.txt
[6.393s] -- Symlinking: /home/robousr/ROS2Dev/Workspaces/Proyecto_Robot_2/example_ws/install/example_interfaces/local/lib/python3.10/dist-packages/example_interfaces-0.0.0-py3.10.egg-info/dependency_links.txt
[6.403s] -- Symlinking: /home/robousr/ROS2Dev/Workspaces/Proyecto_Robot_2/example_ws/install/example_interfaces/local/lib/python3.10/dist-packages/example_interfaces-0.0.0-py3.10.egg-info/top_level.txt
[6.416s] -- Symlinking: /home/robousr/ROS2Dev/Workspaces/Proyecto_Robot_2/example_ws/install/example_interfaces/local/lib/python3.10/dist-packages/example_interfaces/__init__.py
[6.427s] -- Symlinking: /home/robousr/ROS2Dev/Workspaces/Proyecto_Robot_2/example_ws/install/example_interfaces/local/lib/python3.10/dist-packages/example_interfaces/_example_interfaces_s.ep.rosidl_typesupport_c.c
[6.437s] -- Symlinking: /home/robousr/ROS2Dev/Workspaces/Proyecto_Robot_2/example_ws/install/example_interfaces/local/lib/python3.10/dist-packages/example_interfaces/_example_interfaces_s.ep.rosidl_typesupport_fastrtps_c.c
[6.446s] -- Symlinking: /home/robousr/ROS2Dev/Workspaces/Proyecto_Robot_2/example_ws/install/example_interfaces/local/lib/python3.10/dist-packages/example_interfaces/_example_interfaces_s.ep.rosidl_typesupport_introspection_c.c
[6.457s] -- Symlinking: /home/robousr/ROS2Dev/Workspaces/Proyecto_Robot_2/example_ws/install/example_interfaces/local/lib/python3.10/dist-packages/example_interfaces/example_interfaces_s__rosidl_typesupport_c.cpython-310-x86_64-linux-gnu.so
[6.467s] -- Symlinking: /home/robousr/ROS2Dev/Workspaces/Proyecto_Robot_2/example_ws/install/example_interfaces/local/lib/python3.10/dist-packages/example_interfaces/example_interfaces_s__rosidl_typesupport_fastrtps_c.cpython-310-x86_64-linux-gnu.so
[6.476s] -- Symlinking: /home/robousr/ROS2Dev/Workspaces/Proyecto_Robot_2/example_ws/install/example_interfaces/local/lib/python3.10/dist-packages/example_interfaces/example_interfaces_s__rosidl_typesupport_introspection_c.cpython-310-x86_64-linux-gnu.so
[6.486s] -- Symlinking: /home/robousr/ROS2Dev/Workspaces/Proyecto_Robot_2/example_ws/install/example_interfaces/local/lib/python3.10/dist-packages/example_interfaces/libexample_interfaces__rosidl_generator_py.so
[6.496s] -- Symlinking: /home/robousr/ROS2Dev/Workspaces/Proyecto_Robot_2/example_ws/install/example_interfaces/local/lib/python3.10/dist-packages/example_interfaces/msg/__init__.py
[6.506s] -- Symlinking: /home/robousr/ROS2Dev/Workspaces/Proyecto_Robot_2/example_ws/install/example_interfaces/local/lib/python3.10/dist-packages/example_interfaces/msg/_example_msg.py
[6.517s] -- Symlinking: /home/robousr/ROS2Dev/Workspaces/Proyecto_Robot_2/example_ws/install/example_interfaces/local/lib/python3.10/dist-packages/example_interfaces/msg/_example_msg_s.c
[6.527s] -- Up-to-date symlink: /home/robousr/ROS2Dev/Workspaces/Proyecto_Robot_2/example_ws/install/example_interfaces/local/lib/python3.10/dist-packages/example_interfaces/example_interfaces_s__rosidl_typesupport_fastrtps_c.cpython-310-x86_64-linux-gnu.so
[6.528s] -- Up-to-date symlink: /home/robousr/ROS2Dev/Workspaces/Proyecto_Robot_2/example_ws/install/example_interfaces/local/lib/python3.10/dist-packages/example_interfaces/example_interfaces_s__rosidl_typesupport_introspection_c.cpython-310-x86_64-linux-gnu.so
[6.528s] -- Up-to-date symlink: /home/robousr/ROS2Dev/Workspaces/Proyecto_Robot_2/example_ws/install/example_interfaces/local/lib/python3.10/dist-packages/example_interfaces/example_interfaces_s__rosidl_typesupport_c.cpython-310-x86_64-linux-gnu.so
[6.528s] -- Symlinking: /home/robousr/ROS2Dev/Workspaces/Proyecto_Robot_2/example_ws/install/example_interfaces/share/example_interfaces/msg/ExampleMsg.idl
[6.538s] -- Symlinking: /home/robousr/ROS2Dev/Workspaces/Proyecto_Robot_2/example_ws/install/example_interfaces/share/example_interfaces/msg/ExampleMsg.msg
[6.548s] -- Symlinking: /home/robousr/ROS2Dev/Workspaces/Proyecto_Robot_2/example_ws/install/example_interfaces/share/ament_index/resource_index/package_run_dependencies/example_interfaces
[6.557s] -- Symlinking: /home/robousr/ROS2Dev/Workspaces/Proyecto_Robot_2/example_ws/install/example_interfaces/share/ament_index/resource_index/parent_prefix_path/example_interfaces
[6.567s] -- Symlinking: /home/robousr/ROS2Dev/Workspaces/Proyecto_Robot_2/example_ws/install/example_interfaces/share/example_interfaces/environment/ament_prefix_path.sh
[6.577s] -- Symlinking: /home/robousr/ROS2Dev/Workspaces/Proyecto_Robot_2/example_ws/install/example_interfaces/share/example_interfaces/environment/ament_prefix_path.dsv
[6.587s] -- Symlinking: /home/robousr/ROS2Dev/Workspaces/Proyecto_Robot_2/example_ws/install/example_interfaces/share/example_interfaces/environment/path.sh
[6.597s] -- Symlinking: /home/robousr/ROS2Dev/Workspaces/Proyecto_Robot_2/example_ws/install/example_interfaces/share/example_interfaces/environment/path.dsv
[6.607s] -- Symlinking: /home/robousr/ROS2Dev/Workspaces/Proyecto_Robot_2/example_ws/install/example_interfaces/share/example_interfaces/local_setup.bash
[6.618s] -- Symlinking: /home/robousr/ROS2Dev/Workspaces/Proyecto_Robot_2/example_ws/install/example_interfaces/share/example_interfaces/local_setup.sh
[6.628s] -- Symlinking: /home/robousr/ROS2Dev/Workspaces/Proyecto_Robot_2/example_ws/install/example_interfaces/share/example_interfaces/local_setup.zsh
[6.638s] -- Symlinking: /home/robousr/ROS2Dev/Workspaces/Proyecto_Robot_2/example_ws/install/example_interfaces/share/example_interfaces/local_setup.dsv
[6.648s] -- Symlinking: /home/robousr/ROS2Dev/Workspaces/Proyecto_Robot_2/example_ws/install/example_interfaces/share/example_interfaces/package.dsv
[6.658s] -- Symlinking: /home/robousr/ROS2Dev/Workspaces/Proyecto_Robot_2/example_ws/install/example_interfaces/share/ament_index/resource_index/packages/example_interfaces
[6.668s] -- Symlinking: /home/robousr/ROS2Dev/Workspaces/Proyecto_Robot_2/example_ws/install/example_interfaces/share/example_interfaces/cmake/rosidl_cmake-extras.cmake
[6.677s] -- Symlinking: /home/robousr/ROS2Dev/Workspaces/Proyecto_Robot_2/example_ws/install/example_interfaces/share/example_interfaces/cmake/ament_cmake_export_dependencies-extras.cmake
[6.687s] -- Symlinking: /home/robousr/ROS2Dev/Workspaces/Proyecto_Robot_2/example_ws/install/example_interfaces/share/example_interfaces/cmake/ament_cmake_export_include_directories-extras.cmake
[6.697s] -- Symlinking: /home/robousr/ROS2Dev/Workspaces/Proyecto_Robot_2/example_ws/install/example_interfaces/share/example_interfaces/cmake/ament_cmake_export_libraries-extras.cmake
[6.707s] -- Symlinking: /home/robousr/ROS2Dev/Workspaces/Proyecto_Robot_2/example_ws/install/example_interfaces/share/example_interfaces/cmake/ament_cmake_export_targets-extras.cmake
[6.721s] -- Symlinking: /home/robousr/ROS2Dev/Workspaces/Proyecto_Robot_2/example_ws/install/example_interfaces/share/example_interfaces/cmake/rosidl_cmake_export_typesupport_targets-extras.cmake
[6.727s] -- Symlinking: /home/robousr/ROS2Dev/Workspaces/Proyecto_Robot_2/example_ws/install/example_interfaces/share/example_interfaces/cmake/rosidl_cmake_export_typesupport_libraries-extras.cmake
[6.737s] -- Symlinking: /home/robousr/ROS2Dev/Workspaces/Proyecto_Robot_2/example_ws/install/example_interfaces/share/example_interfaces/cmake/example_interfacesConfig.cmake
[6.746s] -- Symlinking: /home/robousr/ROS2Dev/Workspaces/Proyecto_Robot_2/example_ws/install/example_interfaces/share/example_interfaces/cmake/example_interfacesConfig-version.cmake
[6.756s] -- Symlinking: /home/robousr/ROS2Dev/Workspaces/Proyecto_Robot_2/example_ws/install/example_interfaces/share/example_interfaces/package.xml
[6.766s] -- Installing: /home/robousr/ROS2Dev/Workspaces/Proyecto_Robot_2/example_ws/install/example_interfaces/lib/libexample_interfaces__rosidl_generator_c.so
[6.766s] -- Set runtime path of "/home/robousr/ROS2Dev/Workspaces/Proyecto_Robot_2/example_ws/install/example_interfaces/lib/libexample_interfaces__rosidl_generator_c.so" to ""
[6.766s] -- Installing: /home/robousr/ROS2Dev/Workspaces/Proyecto_Robot_2/example_ws/install/example_interfaces/lib/libexample_interfaces__rosidl_typesupport_fastrtps_c.so
[6.766s] -- Set runtime path of "/home/robousr/ROS2Dev/Workspaces/Proyecto_Robot_2/example_ws/install/example_interfaces/lib/libexample_interfaces__rosidl_typesupport_fastrtps_c.so" to ""
[6.766s] -- Installing: /home/robousr/ROS2Dev/Workspaces/Proyecto_Robot_2/example_ws/install/example_interfaces/lib/libexample_interfaces__rosidl_typesupport_introspection_c.so
[6.767s] -- Set runtime path of "/home/robousr/ROS2Dev/Workspaces/Proyecto_Robot_2/example_ws/install/example_interfaces/lib/libexample_interfaces__rosidl_typesupport_introspection_c.so" to ""
[6.767s] -- Installing: /home/robousr/ROS2Dev/Workspaces/Proyecto_Robot_2/example_ws/install/example_interfaces/lib/libexample_interfaces__rosidl_typesupport_c.so
[6.767s] -- Set runtime path of "/home/robousr/ROS2Dev/Workspaces/Proyecto_Robot_2/example_ws/install/example_interfaces/lib/libexample_interfaces__rosidl_typesupport_c.so" to ""
[6.767s] -- Installing: /home/robousr/ROS2Dev/Workspaces/Proyecto_Robot_2/example_ws/install/example_interfaces/lib/libexample_interfaces__rosidl_typesupport_fastrtps_cpp.so
[6.767s] -- Set runtime path of "/home/robousr/ROS2Dev/Workspaces/Proyecto_Robot_2/example_ws/install/example_interfaces/lib/libexample_interfaces__rosidl_typesupport_fastrtps_cpp.so" to ""
[6.768s] -- Installing: /home/robousr/ROS2Dev/Workspaces/Proyecto_Robot_2/example_ws/install/example_interfaces/lib/libexample_interfaces__rosidl_typesupport_introspection_cpp.so
[6.768s] -- Set runtime path of "/home/robousr/ROS2Dev/Workspaces/Proyecto_Robot_2/example_ws/install/example_interfaces/lib/libexample_interfaces__rosidl_typesupport_introspection_cpp.so" to ""
[6.768s] -- Installing: /home/robousr/ROS2Dev/Workspaces/Proyecto_Robot_2/example_ws/install/example_interfaces/lib/libexample_interfaces__rosidl_typesupport_cpp.so
[6.768s] -- Set runtime path of "/home/robousr/ROS2Dev/Workspaces/Proyecto_Robot_2/example_ws/install/example_interfaces/lib/libexample_interfaces__rosidl_typesupport_cpp.so" to ""
[6.850s] Listing '/home/robousr/ROS2Dev/Workspaces/Proyecto_Robot_2/example_ws/install/example_interfaces/local/lib/python3.10/dist-packages/example_interfaces'...
[6.851s] Compiling '/home/robousr/ROS2Dev/Workspaces/Proyecto_Robot_2/example_ws/install/example_interfaces/local/lib/python3.10/dist-packages/example_interfaces/__init__.py'...
[6.851s] Listing '/home/robousr/ROS2Dev/Workspaces/Proyecto_Robot_2/example_ws/install/example_interfaces/local/lib/python3.10/dist-packages/example_interfaces/msg'...
[6.851s] Compiling '/home/robousr/ROS2Dev/Workspaces/Proyecto_Robot_2/example_ws/install/example_interfaces/local/lib/python3.10/dist-packages/example_interfaces/msg/__init__.py'...
[6.851s] Compiling '/home/robousr/ROS2Dev/Workspaces/Proyecto_Robot_2/example_ws/install/example_interfaces/local/lib/python3.10/dist-packages/example_interfaces/msg/_example_msg.py'...
[6.856s] -- Installing: /home/robousr/ROS2Dev/Workspaces/Proyecto_Robot_2/example_ws/install/example_interfaces/lib/libexample_interfaces__rosidl_generator_py.so
[6.856s] -- Set runtime path of "/home/robousr/ROS2Dev/Workspaces/Proyecto_Robot_2/example_ws/install/example_interfaces/lib/libexample_interfaces__rosidl_generator_py.so" to ""
[6.857s] -- Installing: /home/robousr/ROS2Dev/Workspaces/Proyecto_Robot_2/example_ws/install/example_interfaces/share/example_interfaces/cmake/export_example_interfaces__rosidl_generator_cExport.cmake
[6.857s] -- Installing: /home/robousr/ROS2Dev/Workspaces/Proyecto_Robot_2/example_ws/install/example_interfaces/share/example_interfaces/cmake/export_example_interfaces__rosidl_generator_cExport-noconfig.cmake
[6.857s] -- Installing: /home/robousr/ROS2Dev/Workspaces/Proyecto_Robot_2/example_ws/install/example_interfaces/share/example_interfaces/cmake/export_example_interfaces__rosidl_typesupport_fastrtps_cExport.cmake
[6.857s] -- Installing: /home/robousr/ROS2Dev/Workspaces/Proyecto_Robot_2/example_ws/install/example_interfaces/share/example_interfaces/cmake/export_example_interfaces__rosidl_typesupport_fastrtps_cExport-noconfig.cmake
[6.857s] -- Installing: /home/robousr/ROS2Dev/Workspaces/Proyecto_Robot_2/example_ws/install/example_interfaces/share/example_interfaces/cmake/example_interfaces__rosidl_typesupport_introspection_cExport.cmake
[6.857s] -- Installing: /home/robousr/ROS2Dev/Workspaces/Proyecto_Robot_2/example_ws/install/example_interfaces/share/example_interfaces/cmake/example_interfaces__rosidl_typesupport_introspection_cExport-noconfig.cmake
[6.857s] -- Installing: /home/robousr/ROS2Dev/Workspaces/Proyecto_Robot_2/example_ws/install/example_interfaces/share/example_interfaces/cmake/example_interfaces__rosidl_typesupport_cExport.cmake
[6.858s] -- Installing: /home/robousr/ROS2Dev/Workspaces/Proyecto_Robot_2/example_ws/install/example_interfaces/share/example_interfaces/cmake/example_interfaces__rosidl_typesupport_cExport-noconfig.cmake
[6.858s] -- Installing: /home/robousr/ROS2Dev/Workspaces/Proyecto_Robot_2/example_ws/install/example_interfaces/share/example_interfaces/cmake/export_example_interfaces__rosidl_generator_cppExport.cmake
[6.858s] -- Installing: /home/robousr/ROS2Dev/Workspaces/Proyecto_Robot_2/example_ws/install/example_interfaces/share/example_interfaces/cmake/export_example_interfaces__rosidl_typesupport_fastrtps_cppExport.cmake
[6.858s] -- Installing: /home/robousr/ROS2Dev/Workspaces/Proyecto_Robot_2/example_ws/install/example_interfaces/share/example_interfaces/cmake/export_example_interfaces__rosidl_typesupport_fastrtps_cppExport-noconfig.cmake
[6.858s] -- Installing: /home/robousr/ROS2Dev/Workspaces/Proyecto_Robot_2/example_ws/install/example_interfaces/share/example_interfaces/cmake/example_interfaces__rosidl_typesupport_introspection_cppExport.cmake
[6.858s] -- Installing: /home/robousr/ROS2Dev/Workspaces/Proyecto_Robot_2/example_ws/install/example_interfaces/share/example_interfaces/cmake/example_interfaces__rosidl_typesupport_introspection_cppExport-noconfig.cmake
[6.859s] -- Installing: /home/robousr/ROS2Dev/Workspaces/Proyecto_Robot_2/example_ws/install/example_interfaces/share/example_interfaces/cmake/example_interfaces__rosidl_typesupport_cppExport.cmake
[6.859s] -- Installing: /home/robousr/ROS2Dev/Workspaces/Proyecto_Robot_2/example_ws/install/example_interfaces/share/example_interfaces/cmake/example_interfaces__rosidl_typesupport_cppExport-noconfig.cmake
[6.859s] -- Installing: /home/robousr/ROS2Dev/Workspaces/Proyecto_Robot_2/example_ws/install/example_interfaces/share/example_interfaces/cmake/export_example_interfaces__rosidl_generator_pyExport.cmake
[6.859s] -- Installing: /home/robousr/ROS2Dev/Workspaces/Proyecto_Robot_2/example_ws/install/example_interfaces/share/example_interfaces/cmake/export_example_interfaces__rosidl_generator_pyExport-noconfig.cmake
[6.862s] Invoked command in '/home/robousr/ROS2Dev/Workspaces/Proyecto_Robot_2/example_ws/build/example_interfaces' returned '0': CMAKE_PREFIX_PATH=/opt/ros/humble /usr/bin/cmake --install /home/robousr/ROS2Dev/Workspaces/Proyecto_Robot_2/example_ws/build/example_interfaces
