[1.880s] Invoking command in '/home/robousr/ROS2Dev/Workspaces/Proyecto_Robot_1/example_ws/build/example_control': PYTHONPATH=/home/robousr/ROS2Dev/Workspaces/Proyecto_Robot_1/example_ws/build/example_control/prefix_override:/usr/lib/python3/dist-packages/colcon_core/task/python/colcon_distutils_commands:/home/robousr/ROS2Dev/Workspaces/Proyecto_Robot_1/example_ws/install/example_control/lib/python3.10/site-packages:${PYTHONPATH} /usr/bin/python3 -W ignore:setup.py install is deprecated -W ignore:easy_install command is deprecated setup.py develop --editable --build-directory /home/robousr/ROS2Dev/Workspaces/Proyecto_Robot_1/example_ws/build/example_control/build --no-deps symlink_data
[2.374s] running develop
[2.722s] running egg_info
[2.722s] creating example_control.egg-info
[2.722s] writing example_control.egg-info/PKG-INFO
[2.722s] writing dependency_links to example_control.egg-info/dependency_links.txt
[2.722s] writing entry points to example_control.egg-info/entry_points.txt
[2.723s] writing requirements to example_control.egg-info/requires.txt
[2.723s] writing top-level names to example_control.egg-info/top_level.txt
[2.723s] writing manifest file 'example_control.egg-info/SOURCES.txt'
[2.724s] reading manifest file 'example_control.egg-info/SOURCES.txt'
[2.725s] writing manifest file 'example_control.egg-info/SOURCES.txt'
[2.727s] running build_ext
[2.727s] Creating /home/robousr/ROS2Dev/Workspaces/Proyecto_Robot_1/example_ws/install/example_control/lib/python3.10/site-packages/example-control.egg-link (link to .)
[2.729s] Installing controller_manager script to /home/robousr/ROS2Dev/Workspaces/Proyecto_Robot_1/example_ws/install/example_control/lib/example_control
[2.729s] Installing hardware_interface script to /home/robousr/ROS2Dev/Workspaces/Proyecto_Robot_1/example_ws/install/example_control/lib/example_control
[2.729s] Installing manipulator_controller script to /home/robousr/ROS2Dev/Workspaces/Proyecto_Robot_1/example_ws/install/example_control/lib/example_control
[2.731s] 
[2.731s] Installed /home/robousr/ROS2Dev/Workspaces/Proyecto_Robot_1/example_ws/build/example_control
[2.731s] running symlink_data
[2.734s] creating /home/robousr/ROS2Dev/Workspaces/Proyecto_Robot_1/example_ws/install/example_control/share/ament_index
[2.734s] creating /home/robousr/ROS2Dev/Workspaces/Proyecto_Robot_1/example_ws/install/example_control/share/ament_index/resource_index
[2.734s] creating /home/robousr/ROS2Dev/Workspaces/Proyecto_Robot_1/example_ws/install/example_control/share/ament_index/resource_index/packages
[2.735s] symbolically linking /home/robousr/ROS2Dev/Workspaces/Proyecto_Robot_1/example_ws/build/example_control/resource/example_control -> /home/robousr/ROS2Dev/Workspaces/Proyecto_Robot_1/example_ws/install/example_control/share/ament_index/resource_index/packages
[2.735s] symbolically linking /home/robousr/ROS2Dev/Workspaces/Proyecto_Robot_1/example_ws/build/example_control/package.xml -> /home/robousr/ROS2Dev/Workspaces/Proyecto_Robot_1/example_ws/install/example_control/share/example_control
[2.816s] Invoked command in '/home/robousr/ROS2Dev/Workspaces/Proyecto_Robot_1/example_ws/build/example_control' returned '0': PYTHONPATH=/home/robousr/ROS2Dev/Workspaces/Proyecto_Robot_1/example_ws/build/example_control/prefix_override:/usr/lib/python3/dist-packages/colcon_core/task/python/colcon_distutils_commands:/home/robousr/ROS2Dev/Workspaces/Proyecto_Robot_1/example_ws/install/example_control/lib/python3.10/site-packages:${PYTHONPATH} /usr/bin/python3 -W ignore:setup.py install is deprecated -W ignore:easy_install command is deprecated setup.py develop --editable --build-directory /home/robousr/ROS2Dev/Workspaces/Proyecto_Robot_1/example_ws/build/example_control/build --no-deps symlink_data
