[1.929s] Invoking command in '/home/robousr/ROS2Dev/Workspaces/Proyecto_Robot_1/example_ws/build/example_description': PYTHONPATH=/home/robousr/ROS2Dev/Workspaces/Proyecto_Robot_1/example_ws/build/example_description/prefix_override:/usr/lib/python3/dist-packages/colcon_core/task/python/colcon_distutils_commands:/home/robousr/ROS2Dev/Workspaces/Proyecto_Robot_1/example_ws/install/example_description/lib/python3.10/site-packages:${PYTHONPATH} /usr/bin/python3 -W ignore:setup.py install is deprecated -W ignore:easy_install command is deprecated setup.py develop --editable --build-directory /home/robousr/ROS2Dev/Workspaces/Proyecto_Robot_1/example_ws/build/example_description/build --no-deps symlink_data
[2.352s] running develop
[2.662s] running egg_info
[2.662s] creating example_description.egg-info
[2.663s] writing example_description.egg-info/PKG-INFO
[2.663s] writing dependency_links to example_description.egg-info/dependency_links.txt
[2.663s] writing entry points to example_description.egg-info/entry_points.txt
[2.663s] writing requirements to example_description.egg-info/requires.txt
[2.663s] writing top-level names to example_description.egg-info/top_level.txt
[2.664s] writing manifest file 'example_description.egg-info/SOURCES.txt'
[2.667s] reading manifest file 'example_description.egg-info/SOURCES.txt'
[2.667s] writing manifest file 'example_description.egg-info/SOURCES.txt'
[2.673s] running build_ext
[2.673s] Creating /home/robousr/ROS2Dev/Workspaces/Proyecto_Robot_1/example_ws/install/example_description/lib/python3.10/site-packages/example-description.egg-link (link to .)
[2.673s] 
[2.673s] Installed /home/robousr/ROS2Dev/Workspaces/Proyecto_Robot_1/example_ws/build/example_description
[2.673s] running symlink_data
[2.674s] creating /home/robousr/ROS2Dev/Workspaces/Proyecto_Robot_1/example_ws/install/example_description/share/ament_index
[2.674s] creating /home/robousr/ROS2Dev/Workspaces/Proyecto_Robot_1/example_ws/install/example_description/share/ament_index/resource_index
[2.674s] creating /home/robousr/ROS2Dev/Workspaces/Proyecto_Robot_1/example_ws/install/example_description/share/ament_index/resource_index/packages
[2.674s] symbolically linking /home/robousr/ROS2Dev/Workspaces/Proyecto_Robot_1/example_ws/build/example_description/resource/example_description -> /home/robousr/ROS2Dev/Workspaces/Proyecto_Robot_1/example_ws/install/example_description/share/ament_index/resource_index/packages
[2.674s] symbolically linking /home/robousr/ROS2Dev/Workspaces/Proyecto_Robot_1/example_ws/build/example_description/package.xml -> /home/robousr/ROS2Dev/Workspaces/Proyecto_Robot_1/example_ws/install/example_description/share/example_description
[2.674s] creating /home/robousr/ROS2Dev/Workspaces/Proyecto_Robot_1/example_ws/install/example_description/share/example_description/urdf
[2.675s] symbolically linking /home/robousr/ROS2Dev/Workspaces/Proyecto_Robot_1/example_ws/build/example_description/urdf/rrr_robot.urdf -> /home/robousr/ROS2Dev/Workspaces/Proyecto_Robot_1/example_ws/install/example_description/share/example_description/urdf
[2.675s] creating /home/robousr/ROS2Dev/Workspaces/Proyecto_Robot_1/example_ws/install/example_description/share/example_description/rviz
[2.675s] symbolically linking /home/robousr/ROS2Dev/Workspaces/Proyecto_Robot_1/example_ws/build/example_description/rviz/rviz_config.rviz -> /home/robousr/ROS2Dev/Workspaces/Proyecto_Robot_1/example_ws/install/example_description/share/example_description/rviz
[2.777s] Invoked command in '/home/robousr/ROS2Dev/Workspaces/Proyecto_Robot_1/example_ws/build/example_description' returned '0': PYTHONPATH=/home/robousr/ROS2Dev/Workspaces/Proyecto_Robot_1/example_ws/build/example_description/prefix_override:/usr/lib/python3/dist-packages/colcon_core/task/python/colcon_distutils_commands:/home/robousr/ROS2Dev/Workspaces/Proyecto_Robot_1/example_ws/install/example_description/lib/python3.10/site-packages:${PYTHONPATH} /usr/bin/python3 -W ignore:setup.py install is deprecated -W ignore:easy_install command is deprecated setup.py develop --editable --build-directory /home/robousr/ROS2Dev/Workspaces/Proyecto_Robot_1/example_ws/build/example_description/build --no-deps symlink_data
