[1.887s] Invoking command in '/home/robousr/ROS2Dev/Workspaces/Proyecto_Robot_2/example_ws/build/example_decription': PYTHONPATH=/home/robousr/ROS2Dev/Workspaces/Proyecto_Robot_2/example_ws/build/example_decription/prefix_override:/usr/lib/python3/dist-packages/colcon_core/task/python/colcon_distutils_commands:/home/robousr/ROS2Dev/Workspaces/Proyecto_Robot_2/example_ws/install/example_decription/lib/python3.10/site-packages:${PYTHONPATH} /usr/bin/python3 -W ignore:setup.py install is deprecated -W ignore:easy_install command is deprecated setup.py develop --editable --build-directory /home/robousr/ROS2Dev/Workspaces/Proyecto_Robot_2/example_ws/build/example_decription/build --no-deps symlink_data
[2.305s] running develop
[2.555s] running egg_info
[2.555s] creating example_decription.egg-info
[2.557s] writing example_decription.egg-info/PKG-INFO
[2.557s] writing dependency_links to example_decription.egg-info/dependency_links.txt
[2.557s] writing entry points to example_decription.egg-info/entry_points.txt
[2.558s] writing requirements to example_decription.egg-info/requires.txt
[2.558s] writing top-level names to example_decription.egg-info/top_level.txt
[2.558s] writing manifest file 'example_decription.egg-info/SOURCES.txt'
[2.559s] reading manifest file 'example_decription.egg-info/SOURCES.txt'
[2.560s] writing manifest file 'example_decription.egg-info/SOURCES.txt'
[2.563s] running build_ext
[2.563s] Creating /home/robousr/ROS2Dev/Workspaces/Proyecto_Robot_2/example_ws/install/example_decription/lib/python3.10/site-packages/example-decription.egg-link (link to .)
[2.564s] 
[2.569s] Installed /home/robousr/ROS2Dev/Workspaces/Proyecto_Robot_2/example_ws/build/example_decription
[2.570s] running symlink_data
[2.570s] creating /home/robousr/ROS2Dev/Workspaces/Proyecto_Robot_2/example_ws/install/example_decription/share/ament_index
[2.570s] creating /home/robousr/ROS2Dev/Workspaces/Proyecto_Robot_2/example_ws/install/example_decription/share/ament_index/resource_index
[2.570s] creating /home/robousr/ROS2Dev/Workspaces/Proyecto_Robot_2/example_ws/install/example_decription/share/ament_index/resource_index/packages
[2.570s] symbolically linking /home/robousr/ROS2Dev/Workspaces/Proyecto_Robot_2/example_ws/build/example_decription/resource/example_decription -> /home/robousr/ROS2Dev/Workspaces/Proyecto_Robot_2/example_ws/install/example_decription/share/ament_index/resource_index/packages
[2.570s] symbolically linking /home/robousr/ROS2Dev/Workspaces/Proyecto_Robot_2/example_ws/build/example_decription/package.xml -> /home/robousr/ROS2Dev/Workspaces/Proyecto_Robot_2/example_ws/install/example_decription/share/example_decription
[2.648s] Invoked command in '/home/robousr/ROS2Dev/Workspaces/Proyecto_Robot_2/example_ws/build/example_decription' returned '0': PYTHONPATH=/home/robousr/ROS2Dev/Workspaces/Proyecto_Robot_2/example_ws/build/example_decription/prefix_override:/usr/lib/python3/dist-packages/colcon_core/task/python/colcon_distutils_commands:/home/robousr/ROS2Dev/Workspaces/Proyecto_Robot_2/example_ws/install/example_decription/lib/python3.10/site-packages:${PYTHONPATH} /usr/bin/python3 -W ignore:setup.py install is deprecated -W ignore:easy_install command is deprecated setup.py develop --editable --build-directory /home/robousr/ROS2Dev/Workspaces/Proyecto_Robot_2/example_ws/build/example_decription/build --no-deps symlink_data
